Archive member included to satisfy reference by file (symbol)

d:/rt-threadstudio/platform/env_released/env/tools/gnu_gcc/arm_gcc/mingw/bin/../lib/gcc/arm-none-eabi/5.4.1/../../../../arm-none-eabi/lib/armv6-m\libc.a(lib_a-fclose.o)
                              ./rt-thread/components/libc/compilers/newlib/stdio.o (fclose)
d:/rt-threadstudio/platform/env_released/env/tools/gnu_gcc/arm_gcc/mingw/bin/../lib/gcc/arm-none-eabi/5.4.1/../../../../arm-none-eabi/lib/armv6-m\libc.a(lib_a-fflush.o)
                              d:/rt-threadstudio/platform/env_released/env/tools/gnu_gcc/arm_gcc/mingw/bin/../lib/gcc/arm-none-eabi/5.4.1/../../../../arm-none-eabi/lib/armv6-m\libc.a(lib_a-fclose.o) (__sflush_r)
d:/rt-threadstudio/platform/env_released/env/tools/gnu_gcc/arm_gcc/mingw/bin/../lib/gcc/arm-none-eabi/5.4.1/../../../../arm-none-eabi/lib/armv6-m\libc.a(lib_a-fileno.o)
                              ./rt-thread/components/libc/compilers/newlib/stdio.o (fileno)
d:/rt-threadstudio/platform/env_released/env/tools/gnu_gcc/arm_gcc/mingw/bin/../lib/gcc/arm-none-eabi/5.4.1/../../../../arm-none-eabi/lib/armv6-m\libc.a(lib_a-findfp.o)
                              d:/rt-threadstudio/platform/env_released/env/tools/gnu_gcc/arm_gcc/mingw/bin/../lib/gcc/arm-none-eabi/5.4.1/../../../../arm-none-eabi/lib/armv6-m\libc.a(lib_a-fclose.o) (__sinit)
d:/rt-threadstudio/platform/env_released/env/tools/gnu_gcc/arm_gcc/mingw/bin/../lib/gcc/arm-none-eabi/5.4.1/../../../../arm-none-eabi/lib/armv6-m\libc.a(lib_a-fopen.o)
                              ./rt-thread/components/libc/compilers/newlib/stdio.o (fopen)
d:/rt-threadstudio/platform/env_released/env/tools/gnu_gcc/arm_gcc/mingw/bin/../lib/gcc/arm-none-eabi/5.4.1/../../../../arm-none-eabi/lib/armv6-m\libc.a(lib_a-fseek.o)
                              d:/rt-threadstudio/platform/env_released/env/tools/gnu_gcc/arm_gcc/mingw/bin/../lib/gcc/arm-none-eabi/5.4.1/../../../../arm-none-eabi/lib/armv6-m\libc.a(lib_a-fopen.o) (_fseek_r)
d:/rt-threadstudio/platform/env_released/env/tools/gnu_gcc/arm_gcc/mingw/bin/../lib/gcc/arm-none-eabi/5.4.1/../../../../arm-none-eabi/lib/armv6-m\libc.a(lib_a-fseeko.o)
                              d:/rt-threadstudio/platform/env_released/env/tools/gnu_gcc/arm_gcc/mingw/bin/../lib/gcc/arm-none-eabi/5.4.1/../../../../arm-none-eabi/lib/armv6-m\libc.a(lib_a-fseek.o) (_fseeko_r)
d:/rt-threadstudio/platform/env_released/env/tools/gnu_gcc/arm_gcc/mingw/bin/../lib/gcc/arm-none-eabi/5.4.1/../../../../arm-none-eabi/lib/armv6-m\libc.a(lib_a-fwalk.o)
                              d:/rt-threadstudio/platform/env_released/env/tools/gnu_gcc/arm_gcc/mingw/bin/../lib/gcc/arm-none-eabi/5.4.1/../../../../arm-none-eabi/lib/armv6-m\libc.a(lib_a-findfp.o) (_fwalk)
d:/rt-threadstudio/platform/env_released/env/tools/gnu_gcc/arm_gcc/mingw/bin/../lib/gcc/arm-none-eabi/5.4.1/../../../../arm-none-eabi/lib/armv6-m\libc.a(lib_a-impure.o)
                              ./rt-thread/components/libc/compilers/newlib/stdio.o (_global_impure_ptr)
d:/rt-threadstudio/platform/env_released/env/tools/gnu_gcc/arm_gcc/mingw/bin/../lib/gcc/arm-none-eabi/5.4.1/../../../../arm-none-eabi/lib/armv6-m\libc.a(lib_a-lcltime.o)
                              ./rt-thread/components/drivers/rtc/rtc.o (localtime)
d:/rt-threadstudio/platform/env_released/env/tools/gnu_gcc/arm_gcc/mingw/bin/../lib/gcc/arm-none-eabi/5.4.1/../../../../arm-none-eabi/lib/armv6-m\libc.a(lib_a-lcltime_r.o)
                              d:/rt-threadstudio/platform/env_released/env/tools/gnu_gcc/arm_gcc/mingw/bin/../lib/gcc/arm-none-eabi/5.4.1/../../../../arm-none-eabi/lib/armv6-m\libc.a(lib_a-lcltime.o) (localtime_r)
d:/rt-threadstudio/platform/env_released/env/tools/gnu_gcc/arm_gcc/mingw/bin/../lib/gcc/arm-none-eabi/5.4.1/../../../../arm-none-eabi/lib/armv6-m\libc.a(lib_a-makebuf.o)
                              d:/rt-threadstudio/platform/env_released/env/tools/gnu_gcc/arm_gcc/mingw/bin/../lib/gcc/arm-none-eabi/5.4.1/../../../../arm-none-eabi/lib/armv6-m\libc.a(lib_a-fseeko.o) (__smakebuf_r)
d:/rt-threadstudio/platform/env_released/env/tools/gnu_gcc/arm_gcc/mingw/bin/../lib/gcc/arm-none-eabi/5.4.1/../../../../arm-none-eabi/lib/armv6-m\libc.a(lib_a-memcpy-stub.o)
                              ./rt-thread/components/drivers/src/ringbuffer.o (memcpy)
d:/rt-threadstudio/platform/env_released/env/tools/gnu_gcc/arm_gcc/mingw/bin/../lib/gcc/arm-none-eabi/5.4.1/../../../../arm-none-eabi/lib/armv6-m\libc.a(lib_a-memset.o)
                              d:/rt-threadstudio/platform/env_released/env/tools/gnu_gcc/arm_gcc/mingw/bin/../lib/gcc/arm-none-eabi/5.4.1/../../../../arm-none-eabi/lib/armv6-m/crt0.o (memset)
d:/rt-threadstudio/platform/env_released/env/tools/gnu_gcc/arm_gcc/mingw/bin/../lib/gcc/arm-none-eabi/5.4.1/../../../../arm-none-eabi/lib/armv6-m\libc.a(lib_a-mktime.o)
                              ./rt-thread/components/drivers/rtc/rtc.o (mktime)
[...]
Memory Configuration

Name             Origin             Length             Attributes
ROM              0x08000000         0x00020000         xr
RAM              0x20000000         0x00005000         rw
*default*        0x00000000         0xffffffff

Linker script and memory map

LOAD d:/rt-threadstudio/platform/env_released/env/tools/gnu_gcc/arm_gcc/mingw/bin/../lib/gcc/arm-none-eabi/5.4.1/armv6-m/crti.o
LOAD d:/rt-threadstudio/platform/env_released/env/tools/gnu_gcc/arm_gcc/mingw/bin/../lib/gcc/arm-none-eabi/5.4.1/armv6-m/crtbegin.o
LOAD d:/rt-threadstudio/platform/env_released/env/tools/gnu_gcc/arm_gcc/mingw/bin/../lib/gcc/arm-none-eabi/5.4.1/../../../../arm-none-eabi/lib/armv6-m/crt0.o
LOAD ./rt-thread/src/clock.o
LOAD ./rt-thread/src/components.o
LOAD ./rt-thread/src/device.o
LOAD ./rt-thread/src/idle.o
LOAD ./rt-thread/src/ipc.o
LOAD ./rt-thread/src/irq.o
LOAD ./rt-thread/src/kservice.o
LOAD ./rt-thread/src/mem.o
LOAD ./rt-thread/src/mempool.o
LOAD ./rt-thread/src/object.o
LOAD ./rt-thread/src/scheduler.o
LOAD ./rt-thread/src/signal.o
LOAD ./rt-thread/src/thread.o
LOAD ./rt-thread/src/timer.o
LOAD ./rt-thread/libcpu/arm/cortex-m0/context_gcc.o
LOAD ./rt-thread/libcpu/arm/cortex-m0/cpuport.o
LOAD ./rt-thread/libcpu/arm/common/backtrace.o
LOAD ./rt-thread/libcpu/arm/common/div0.o
LOAD ./rt-thread/libcpu/arm/common/showmem.o
LOAD ./rt-thread/components/libc/compilers/newlib/libc.o
LOAD ./rt-thread/components/libc/compilers/newlib/libc_syms.o
LOAD ./rt-thread/components/libc/compilers/newlib/stdio.o
LOAD ./rt-thread/components/libc/compilers/newlib/syscalls.o
LOAD ./rt-thread/components/libc/compilers/newlib/time.o
LOAD ./rt-thread/components/drivers/watchdog/watchdog.o
LOAD ./rt-thread/components/drivers/src/completion.o
LOAD ./rt-thread/components/drivers/src/dataqueue.o
LOAD ./rt-thread/components/drivers/src/pipe.o
LOAD ./rt-thread/components/drivers/src/ringblk_buf.o
LOAD ./rt-thread/components/drivers/src/ringbuffer.o
LOAD ./rt-thread/components/drivers/src/waitqueue.o
LOAD ./rt-thread/components/drivers/src/workqueue.o
LOAD ./rt-thread/components/drivers/spi/spi_core.o
LOAD ./rt-thread/components/drivers/spi/spi_dev.o
LOAD ./rt-thread/components/drivers/rtc/rtc.o
LOAD ./rt-thread/components/drivers/misc/pin.o
LOAD ./libraries/STM32L0xx_HAL_Driver/Src/stm32l0xx_hal.o
LOAD ./libraries/STM32L0xx_HAL_Driver/Src/stm32l0xx_hal_cortex.o
LOAD ./libraries/STM32L0xx_HAL_Driver/Src/stm32l0xx_hal_dac.o
LOAD ./libraries/STM32L0xx_HAL_Driver/Src/stm32l0xx_hal_dac_ex.o
LOAD ./libraries/STM32L0xx_HAL_Driver/Src/stm32l0xx_hal_dma.o
LOAD ./libraries/STM32L0xx_HAL_Driver/Src/stm32l0xx_hal_firewall.o
LOAD ./libraries/STM32L0xx_HAL_Driver/Src/stm32l0xx_hal_flash.o
LOAD ./libraries/STM32L0xx_HAL_Driver/Src/stm32l0xx_hal_flash_ex.o
LOAD ./libraries/STM32L0xx_HAL_Driver/Src/stm32l0xx_hal_flash_ramfunc.o
LOAD ./libraries/STM32L0xx_HAL_Driver/Src/stm32l0xx_hal_gpio.o
LOAD ./libraries/STM32L0xx_HAL_Driver/Src/stm32l0xx_hal_iwdg.o
LOAD ./libraries/STM32L0xx_HAL_Driver/Src/stm32l0xx_hal_lptim.o
LOAD ./libraries/STM32L0xx_HAL_Driver/Src/stm32l0xx_hal_pcd.o
LOAD ./libraries/STM32L0xx_HAL_Driver/Src/stm32l0xx_hal_pcd_ex.o
LOAD ./libraries/STM32L0xx_HAL_Driver/Src/stm32l0xx_hal_pwr.o
LOAD ./libraries/STM32L0xx_HAL_Driver/Src/stm32l0xx_hal_pwr_ex.o
LOAD ./libraries/STM32L0xx_HAL_Driver/Src/stm32l0xx_hal_rcc.o
LOAD ./libraries/STM32L0xx_HAL_Driver/Src/stm32l0xx_hal_rcc_ex.o
LOAD ./libraries/STM32L0xx_HAL_Driver/Src/stm32l0xx_hal_rng.o
LOAD ./libraries/STM32L0xx_HAL_Driver/Src/stm32l0xx_hal_rtc.o
LOAD ./libraries/STM32L0xx_HAL_Driver/Src/stm32l0xx_hal_rtc_ex.o
LOAD ./libraries/STM32L0xx_HAL_Driver/Src/stm32l0xx_hal_smartcard_ex.o
LOAD ./libraries/STM32L0xx_HAL_Driver/Src/stm32l0xx_hal_smbus.o
LOAD ./libraries/STM32L0xx_HAL_Driver/Src/stm32l0xx_hal_spi.o
LOAD ./libraries/STM32L0xx_HAL_Driver/Src/stm32l0xx_hal_tim.o
LOAD ./libraries/STM32L0xx_HAL_Driver/Src/stm32l0xx_hal_tim_ex.o
LOAD ./libraries/STM32L0xx_HAL_Driver/Src/stm32l0xx_hal_tsc.o
LOAD ./libraries/STM32L0xx_HAL_Driver/Src/stm32l0xx_hal_uart.o
LOAD ./libraries/STM32L0xx_HAL_Driver/Src/stm32l0xx_hal_uart_ex.o
LOAD ./libraries/STM32L0xx_HAL_Driver/Src/stm32l0xx_hal_usart.o
LOAD ./libraries/STM32L0xx_HAL_Driver/Src/stm32l0xx_hal_wwdg.o
LOAD ./libraries/CMSIS/Device/ST/STM32L0xx/Source/Templates/gcc/startup_stm32l072xx.o
LOAD ./libraries/CMSIS/Device/ST/STM32L0xx/Source/Templates/system_stm32l0xx.o
LOAD ./drivers/board.o
LOAD ./drivers/drv_common.o
LOAD ./drivers/drv_gpio.o
LOAD ./drivers/drv_rtc.o
LOAD ./drivers/drv_spi.o
LOAD ./drivers/drv_usart.o
LOAD ./drivers/drv_wdt.o
LOAD ./applications/main.o
LOAD ./RF/softse/aes.o
LOAD ./RF/softse/cmac.o
LOAD ./RF/softse/soft-se.o
LOAD ./RF/radio/src/radio.o
LOAD ./RF/radio/src/sx126x-board.o
LOAD ./RF/radio/src/sx126x.o
LOAD ./RF/mac/src/LoRaMac.o
LOAD ./RF/mac/src/LoRaMacAdr.o
LOAD ./RF/mac/src/LoRaMacClassB.o
LOAD ./RF/mac/src/LoRaMacCommands.o
LOAD ./RF/mac/src/LoRaMacConfirmQueue.o
LOAD ./RF/mac/src/LoRaMacCrypto.o
LOAD ./RF/mac/src/LoRaMacParser.o
LOAD ./RF/mac/src/LoRaMacSerializer.o
LOAD ./RF/mac/src/Region.o
LOAD ./RF/mac/src/RegionCN470.o
LOAD ./RF/mac/src/RegionCommon.o
LOAD ./RF/boards/src/NvmCtxMgmt.o
LOAD ./RF/boards/src/RF_board.o
LOAD ./RF/boards/src/rtc-board.o
LOAD ./RF/boards/src/systime.o
LOAD ./RF/boards/src/utilities.o
LOAD ./RF/application/src/LoRaRun.o
LOAD d:/rt-threadstudio/platform/env_released/env/tools/gnu_gcc/arm_gcc/mingw/bin/../lib/gcc/arm-none-eabi/5.4.1/../../../../arm-none-eabi/lib/armv6-m\libc.a
LOAD d:/rt-threadstudio/platform/env_released/env/tools/gnu_gcc/arm_gcc/mingw/bin/../lib/gcc/arm-none-eabi/5.4.1/../../../../arm-none-eabi/lib/armv6-m\libm.a
START GROUP
LOAD d:/rt-threadstudio/platform/env_released/env/tools/gnu_gcc/arm_gcc/mingw/bin/../lib/gcc/arm-none-eabi/5.4.1/armv6-m\libgcc.a
LOAD d:/rt-threadstudio/platform/env_released/env/tools/gnu_gcc/arm_gcc/mingw/bin/../lib/gcc/arm-none-eabi/5.4.1/../../../../arm-none-eabi/lib/armv6-m\libg.a
LOAD d:/rt-threadstudio/platform/env_released/env/tools/gnu_gcc/arm_gcc/mingw/bin/../lib/gcc/arm-none-eabi/5.4.1/../../../../arm-none-eabi/lib/armv6-m\libc.a
END GROUP
LOAD d:/rt-threadstudio/platform/env_released/env/tools/gnu_gcc/arm_gcc/mingw/bin/../lib/gcc/arm-none-eabi/5.4.1/armv6-m/crtend.o
LOAD d:/rt-threadstudio/platform/env_released/env/tools/gnu_gcc/arm_gcc/mingw/bin/../lib/gcc/arm-none-eabi/5.4.1/armv6-m/crtn.o
                0x00000200                _system_stack_size = 0x200

.text           0x08000000    0x13ae0
                0x08000000                . = ALIGN (0x4)
                0x08000000                _stext = .
 *(.isr_vector)
 .isr_vector    0x08000000       0xc4 ./libraries/CMSIS/Device/ST/STM32L0xx/Source/Templates/gcc/startup_stm32l072xx.o
                0x08000000                g_pfnVectors
                0x080000c4                . = ALIGN (0x4)
 *(.text)
 .text          0x080000c4       0x60 d:/rt-threadstudio/platform/env_released/env/tools/gnu_gcc/arm_gcc/mingw/bin/../lib/gcc/arm-none-eabi/5.4.1/armv6-m/crtbegin.o
 .text          0x08000124       0xe4 ./rt-thread/libcpu/arm/cortex-m0/context_gcc.o
                0x08000124                rt_hw_interrupt_disable
                0x0800012c                rt_hw_interrupt_enable
                0x08000132                rt_hw_context_switch_interrupt
                0x08000132                rt_hw_context_switch
                0x0800014e                PendSV_Handler
                0x080001a2                rt_hw_context_switch_to
                0x080001d2                rt_hw_interrupt_thread_switch
                0x080001d6                HardFault_Handler
                0x080001e2                rt_hw_interrupt_check
 .text          0x08000208       0x88 d:/rt-threadstudio/platform/env_released/env/tools/gnu_gcc/arm_gcc/mingw/bin/../lib/gcc/arm-none-eabi/5.4.1/../../../../arm-none-eabi/lib/armv6-m\libc.a(lib_a-strcmp.o)
                0x08000208                strcmp
 .text          0x08000290      0x114 d:/rt-threadstudio/platform/env_released/env/tools/gnu_gcc/arm_gcc/mingw/bin/../lib/gcc/arm-none-eabi/5.4.1/armv6-m\libgcc.a(_udivsi3.o)
                0x08000290                __aeabi_uidiv
                0x08000290                __udivsi3
                0x0800039c                __aeabi_uidivmod
 .text          0x080003a4      0x1d4 d:/rt-threadstudio/platform/env_released/env/tools/gnu_gcc/arm_gcc/mingw/bin/../lib/gcc/arm-none-eabi/5.4.1/armv6-m\libgcc.a(_divsi3.o)
                0x080003a4                __divsi3
                0x080003a4                __aeabi_idiv
                0x08000570                __aeabi_idivmod
 .text          0x08000578        0x4 d:/rt-threadstudio/platform/env_released/env/tools/gnu_gcc/arm_gcc/mingw/bin/../lib/gcc/arm-none-eabi/5.4.1/armv6-m\libgcc.a(_dvmd_tls.o)
                0x08000578                __aeabi_idiv0
                0x08000578                __aeabi_ldiv0
 .text          0x0800057c       0x7c d:/rt-threadstudio/platform/env_released/env/tools/gnu_gcc/arm_gcc/mingw/bin/../lib/gcc/arm-none-eabi/5.4.1/armv6-m\libgcc.a(_arm_cmpdf2.o)
                0x0800057c                __aeabi_cdrcmple
                0x0800058c                __aeabi_cdcmple
                0x0800058c                __aeabi_cdcmpeq
                0x0800059c                __aeabi_dcmpeq
                0x080005a8                __aeabi_dcmplt
                0x080005bc                __aeabi_dcmple
                0x080005d0                __aeabi_dcmpgt
                0x080005e4                __aeabi_dcmpge
 .text          0x080005f8       0x40 d:/rt-threadstudio/platform/env_released/env/tools/gnu_gcc/arm_gcc/mingw/bin/../lib/gcc/arm-none-eabi/5.4.1/armv6-m\libgcc.a(_aeabi_uldivmod.o)
                0x080005f8                __aeabi_uldivmod
 .text          0x08000638       0x58 d:/rt-threadstudio/platform/env_released/env/tools/gnu_gcc/arm_gcc/mingw/bin/../lib/gcc/arm-none-eabi/5.4.1/armv6-m\libgcc.a(_muldi3.o)
                0x08000638                __muldi3
                0x08000638                __aeabi_lmul
 .text          0x08000690       0x3c d:/rt-threadstudio/platform/env_released/env/tools/gnu_gcc/arm_gcc/mingw/bin/../lib/gcc/arm-none-eabi/5.4.1/armv6-m\libgcc.a(_fixunsdfsi.o)
                0x08000690                __aeabi_d2uiz
                0x08000690                __fixunsdfsi
 .text          0x080006cc      0x180 d:/rt-threadstudio/platform/env_released/env/tools/gnu_gcc/arm_gcc/mingw/bin/../lib/gcc/arm-none-eabi/5.4.1/armv6-m\libgcc.a(_udivmoddi4.o)
                0x080006cc                __udivmoddi4
 .text          0x0800084c      0x30c d:/rt-threadstudio/platform/env_released/env/tools/gnu_gcc/arm_gcc/mingw/bin/../lib/gcc/arm-none-eabi/5.4.1/armv6-m\libgcc.a(subsf3.o)
                0x0800084c                __aeabi_fsub
 .text          0x08000b58       0x7c d:/rt-threadstudio/platform/env_released/env/tools/gnu_gcc/arm_gcc/mingw/bin/../lib/gcc/arm-none-eabi/5.4.1/armv6-m\libgcc.a(floatunsisf.o)
                0x08000b58                __aeabi_ui2f
 .text          0x08000bd4      0x658 d:/rt-threadstudio/platform/env_released/env/tools/gnu_gcc/arm_gcc/mingw/bin/../lib/gcc/arm-none-eabi/5.4.1/armv6-m\libgcc.a(adddf3.o)
                0x08000bd4                __aeabi_dadd
 .text          0x0800122c      0x62c d:/rt-threadstudio/platform/env_released/env/tools/gnu_gcc/arm_gcc/mingw/bin/../lib/gcc/arm-none-eabi/5.4.1/armv6-m\libgcc.a(divdf3.o)
                0x0800122c                __aeabi_ddiv
 .text          0x08001858       0x80 d:/rt-threadstudio/platform/env_released/env/tools/gnu_gcc/arm_gcc/mingw/bin/../lib/gcc/arm-none-eabi/5.4.1/armv6-m\libgcc.a(eqdf2.o)
                0x08001858                __nedf2
                0x08001858                __eqdf2
 .text          0x080018d8       0xc8 d:/rt-threadstudio/platform/env_released/env/tools/gnu_gcc/arm_gcc/mingw/bin/../lib/gcc/arm-none-eabi/5.4.1/armv6-m\libgcc.a(gedf2.o)
                0x080018d8                __gedf2
                0x080018d8                __gtdf2
 .text          0x080019a0       0xd4 d:/rt-threadstudio/platform/env_released/env/tools/gnu_gcc/arm_gcc/mingw/bin/../lib/gcc/arm-none-eabi/5.4.1/armv6-m\libgcc.a(ledf2.o)
                0x080019a0                __ledf2
                0x080019a0                __ltdf2
 .text          0x08001a74      0x4f4 d:/rt-threadstudio/platform/env_released/env/tools/gnu_gcc/arm_gcc/mingw/bin/../lib/gcc/arm-none-eabi/5.4.1/armv6-m\libgcc.a(muldf3.o)
                0x08001a74                __aeabi_dmul
 .text          0x08001f68      0x6a8 d:/rt-threadstudio/platform/env_released/env/tools/gnu_gcc/arm_gcc/mingw/bin/../lib/gcc/arm-none-eabi/5.4.1/armv6-m\libgcc.a(subdf3.o)
                0x08001f68                __aeabi_dsub
 .text          0x08002610       0x6c d:/rt-threadstudio/platform/env_released/env/tools/gnu_gcc/arm_gcc/mingw/bin/../lib/gcc/arm-none-eabi/5.4.1/armv6-m\libgcc.a(fixdfsi.o)
                0x08002610                __aeabi_d2iz
 .text          0x0800267c       0x84 d:/rt-threadstudio/platform/env_released/env/tools/gnu_gcc/arm_gcc/mingw/bin/../lib/gcc/arm-none-eabi/5.4.1/armv6-m\libgcc.a(floatsidf.o)
                0x0800267c                __aeabi_i2d
 .text          0x08002700       0x70 d:/rt-threadstudio/platform/env_released/env/tools/gnu_gcc/arm_gcc/mingw/bin/../lib/gcc/arm-none-eabi/5.4.1/armv6-m\libgcc.a(floatunsidf.o)
                0x08002700                __aeabi_ui2d
 .text          0x08002770       0xa8 d:/rt-threadstudio/platform/env_released/env/tools/gnu_gcc/arm_gcc/mingw/bin/../lib/gcc/arm-none-eabi/5.4.1/armv6-m\libgcc.a(extendsfdf2.o)
                0x08002770                __aeabi_f2d
 .text          0x08002818       0x3c d:/rt-threadstudio/platform/env_released/env/tools/gnu_gcc/arm_gcc/mingw/bin/../lib/gcc/arm-none-eabi/5.4.1/armv6-m\libgcc.a(_clzsi2.o)
                0x08002818                __clzsi2
 .text          0x08002854       0x18 d:/rt-threadstudio/platform/env_released/env/tools/gnu_gcc/arm_gcc/mingw/bin/../lib/gcc/arm-none-eabi/5.4.1/armv6-m\libgcc.a(_clzdi2.o)
                0x08002854                __clzdi2
 *(.text.*)
 .text.rt_tick_get
                0x0800286c        0xc ./rt-thread/src/clock.o
                0x0800286c                rt_tick_get
 .text.rt_tick_increase
                0x08002878       0x34 ./rt-thread/src/clock.o
                0x08002878                rt_tick_increase
 .text.rt_tick_from_millisecond
                0x080028ac       0x3c ./rt-thread/src/clock.o
                0x080028ac                rt_tick_from_millisecond
 .text.rti_end  0x080028e8        0x4 ./rt-thread/src/components.o
 .text.main_thread_entry
                0x080028ec       0x34 ./rt-thread/src/components.o
                0x080028ec                main_thread_entry
 .text.rti_board_end
                0x08002920        0x4 ./rt-thread/src/components.o
 .text.rti_start
                0x08002924        0x4 ./rt-thread/src/components.o
 .text.rti_board_start
                0x08002928        0x4 ./rt-thread/src/components.o
 .text.rt_components_board_init
                0x0800292c       0x30 ./rt-thread/src/components.o
                0x0800292c                rt_components_board_init
 .text.rt_application_init
                0x0800295c       0x2c ./rt-thread/src/components.o
                0x0800295c                rt_application_init
 .text.rtthread_startup
                0x08002988       0x2c ./rt-thread/src/components.o
                0x08002988                rtthread_startup
 .text.entry    0x080029b4        0xc ./rt-thread/src/components.o
                0x080029b4                entry
 .text.rt_device_find
                0x080029c0       0x5c ./rt-thread/src/device.o
                0x080029c0                rt_device_find
 .text.rt_device_register
                0x08002a1c       0x30 ./rt-thread/src/device.o
                0x08002a1c                rt_device_register
 .text.rt_thread_idle_excute
                0x08002a4c       0x7c ./rt-thread/src/idle.o
                0x08002a4c                rt_thread_idle_excute
 .text.rt_thread_idle_entry
                0x08002ac8       0x20 ./rt-thread/src/idle.o
 .text.rt_thread_idle_init
                0x08002ae8       0x48 ./rt-thread/src/idle.o
                0x08002ae8                rt_thread_idle_init
 .text.rt_sem_init
                0x08002b30       0x20 ./rt-thread/src/ipc.o
                0x08002b30                rt_sem_init
 .text.rt_sem_take
                0x08002b50       0xf4 ./rt-thread/src/ipc.o
                0x08002b50                rt_sem_take
 .text.rt_sem_release
                0x08002c44       0x44 ./rt-thread/src/ipc.o
                0x08002c44                rt_sem_release
 .text.rt_mutex_init
                0x08002c88       0x2c ./rt-thread/src/ipc.o
                0x08002c88                rt_mutex_init
 .text.rt_mutex_take
                0x08002cb4      0x14c ./rt-thread/src/ipc.o
                0x08002cb4                rt_mutex_take
 .text.rt_mutex_release
                0x08002e00       0x9c ./rt-thread/src/ipc.o
                0x08002e00                rt_mutex_release
 .text.rt_interrupt_enter
                0x08002e9c       0x2c ./rt-thread/src/irq.o
                0x08002e9c                rt_interrupt_enter
 .text.rt_interrupt_leave
                0x08002ec8       0x2c ./rt-thread/src/irq.o
                0x08002ec8                rt_interrupt_leave
 .text.rt_interrupt_get_nest
                0x08002ef4       0x18 ./rt-thread/src/irq.o
                0x08002ef4                rt_interrupt_get_nest
 .text.print_number
                0x08002f0c      0x1ec ./rt-thread/src/kservice.o
 .text.rt_set_errno
                0x080030f8       0x24 ./rt-thread/src/kservice.o
                0x080030f8                rt_set_errno
 .text.rt_memset
                0x0800311c       0x74 ./rt-thread/src/kservice.o
                0x0800311c                rt_memset
 .text.rt_memcpy
                0x08003190       0x6c ./rt-thread/src/kservice.o
                0x08003190                rt_memcpy
 .text.rt_strncpy
                0x080031fc       0x30 ./rt-thread/src/kservice.o
                0x080031fc                rt_strncpy
 .text.rt_strncmp
                0x0800322c       0x40 ./rt-thread/src/kservice.o
                0x0800322c                rt_strncmp
 .text.rt_show_version
                0x0800326c        0x4 ./rt-thread/src/kservice.o
                0x0800326c                rt_show_version
 .text.rt_vsnprintf
                0x08003270      0x3d4 ./rt-thread/src/kservice.o
                0x08003270                rt_vsnprintf
 .text.rt_sprintf
                0x08003644       0x1c ./rt-thread/src/kservice.o
                0x08003644                rt_sprintf
 .text.__rt_ffs
                0x08003660       0x50 ./rt-thread/src/kservice.o
                0x08003660                __rt_ffs
 .text.plug_holes
                0x080036b0       0x68 ./rt-thread/src/mem.o
 .text.rt_system_heap_init
                0x08003718       0x74 ./rt-thread/src/mem.o
                0x08003718                rt_system_heap_init
 .text.rt_malloc
                0x0800378c      0x170 ./rt-thread/src/mem.o
                0x0800378c                rt_malloc
 .text.rt_free  0x080038fc       0x7c ./rt-thread/src/mem.o
                0x080038fc                rt_free
 .text.rt_realloc
                0x08003978      0x100 ./rt-thread/src/mem.o
                0x08003978                rt_realloc
 .text.rt_object_get_information
                0x08003a78       0x20 ./rt-thread/src/object.o
                0x08003a78                rt_object_get_information
 .text.rt_object_init
                0x08003a98       0x84 ./rt-thread/src/object.o
                0x08003a98                rt_object_init
 .text.rt_object_detach
                0x08003b1c       0x34 ./rt-thread/src/object.o
                0x08003b1c                rt_object_detach
 .text.rt_object_allocate
                0x08003b50       0x8c ./rt-thread/src/object.o
                0x08003b50                rt_object_allocate
 .text.rt_object_delete
                0x08003bdc       0x38 ./rt-thread/src/object.o
                0x08003bdc                rt_object_delete
 .text.rt_object_is_systemobject
                0x08003c14        0x8 ./rt-thread/src/object.o
                0x08003c14                rt_object_is_systemobject
 .text.rt_system_scheduler_init
                0x08003c1c       0x34 ./rt-thread/src/scheduler.o
                0x08003c1c                rt_system_scheduler_init
 .text.rt_schedule_insert_thread
                0x08003c50       0x64 ./rt-thread/src/scheduler.o
                0x08003c50                rt_schedule_insert_thread
 .text.rt_schedule_remove_thread
                0x08003cb4       0x44 ./rt-thread/src/scheduler.o
                0x08003cb4                rt_schedule_remove_thread
 .text.rt_system_scheduler_start
                0x08003cf8       0x3c ./rt-thread/src/scheduler.o
                0x08003cf8                rt_system_scheduler_start
 .text.rt_schedule
                0x08003d34      0x124 ./rt-thread/src/scheduler.o
                0x08003d34                rt_schedule
 .text.rt_enter_critical
                0x08003e58       0x18 ./rt-thread/src/scheduler.o
                0x08003e58                rt_enter_critical
 .text.rt_exit_critical
                0x08003e70       0x38 ./rt-thread/src/scheduler.o
                0x08003e70                rt_exit_critical
 .text.rt_thread_exit
                0x08003ea8       0x5c ./rt-thread/src/thread.o
                0x08003ea8                rt_thread_exit
 .text.rt_thread_timeout
                0x08003f04       0x24 ./rt-thread/src/thread.o
                0x08003f04                rt_thread_timeout
 .text._rt_thread_init.isra.0
                0x08003f28       0x88 ./rt-thread/src/thread.o
 .text.rt_thread_init
                0x08003fb0       0x30 ./rt-thread/src/thread.o
                0x08003fb0                rt_thread_init
 .text.rt_thread_self
                0x08003fe0        0xc ./rt-thread/src/thread.o
                0x08003fe0                rt_thread_self
 .text.rt_thread_create
                0x08003fec       0x58 ./rt-thread/src/thread.o
                0x08003fec                rt_thread_create
 .text.rt_thread_delete
                0x08004044       0x40 ./rt-thread/src/thread.o
                0x08004044                rt_thread_delete
 .text.rt_thread_yield
                0x08004084        0xc ./rt-thread/src/thread.o
                0x08004084                rt_thread_yield
 .text.rt_thread_suspend
                0x08004090       0x54 ./rt-thread/src/thread.o
                0x08004090                rt_thread_suspend
 .text.rt_thread_sleep
                0x080040e4       0x48 ./rt-thread/src/thread.o
                0x080040e4                rt_thread_sleep
 .text.rt_thread_delay
                0x0800412c        0x8 ./rt-thread/src/thread.o
                0x0800412c                rt_thread_delay
 .text.rt_thread_mdelay
                0x08004134        0xc ./rt-thread/src/thread.o
                0x08004134                rt_thread_mdelay
 .text.rt_thread_resume
                0x08004140       0x5c ./rt-thread/src/thread.o
                0x08004140                rt_thread_resume
 .text.rt_thread_startup
                0x0800419c       0x30 ./rt-thread/src/thread.o
                0x0800419c                rt_thread_startup
 .text.rt_thread_control
                0x080041cc       0x64 ./rt-thread/src/thread.o
                0x080041cc                rt_thread_control
 .text.rt_timer_init
                0x08004230       0x3c ./rt-thread/src/timer.o
                0x08004230                rt_timer_init
 .text.rt_timer_detach
                0x0800426c       0x28 ./rt-thread/src/timer.o
                0x0800426c                rt_timer_detach
 .text.rt_timer_create
                0x08004294       0x34 ./rt-thread/src/timer.o
                0x08004294                rt_timer_create
 .text.rt_timer_start
                0x080042c8       0xc8 ./rt-thread/src/timer.o
                0x080042c8                rt_timer_start
 .text.rt_timer_stop
                0x08004390       0x44 ./rt-thread/src/timer.o
                0x08004390                rt_timer_stop
 .text.rt_timer_control
                0x080043d4       0x34 ./rt-thread/src/timer.o
                0x080043d4                rt_timer_control
 .text.rt_timer_check
                0x08004408       0xb0 ./rt-thread/src/timer.o
                0x08004408                rt_timer_check
 .text.rt_soft_timer_check
                0x080044b8       0xd4 ./rt-thread/src/timer.o
                0x080044b8                rt_soft_timer_check
 .text.rt_thread_timer_entry
                0x0800458c       0x40 ./rt-thread/src/timer.o
 .text.rt_system_timer_init
                0x080045cc        0xc ./rt-thread/src/timer.o
                0x080045cc                rt_system_timer_init
 .text.rt_system_timer_thread_init
                0x080045d8       0x48 ./rt-thread/src/timer.o
                0x080045d8                rt_system_timer_thread_init
 .text.rt_hw_stack_init
                0x08004620       0x34 ./rt-thread/libcpu/arm/cortex-m0/cpuport.o
                0x08004620                rt_hw_stack_init
 .text.rt_hw_hard_fault_exception
                0x08004654        0x4 ./rt-thread/libcpu/arm/cortex-m0/cpuport.o
                0x08004654                rt_hw_hard_fault_exception
 .text.libc_system_init
                0x08004658        0x4 ./rt-thread/components/libc/compilers/newlib/libc.o
                0x08004658                libc_system_init
 .text.free     0x0800465c        0x8 ./rt-thread/components/libc/compilers/newlib/stdio.o
                0x0800465c                free
 .text._malloc_r
                0x08004664       0x18 ./rt-thread/components/libc/compilers/newlib/syscalls.o
                0x08004664                _malloc_r
 .text._realloc_r
                0x0800467c       0x18 ./rt-thread/components/libc/compilers/newlib/syscalls.o
                0x0800467c                _realloc_r
 .text._free_r  0x08004694        0xc ./rt-thread/components/libc/compilers/newlib/syscalls.o
                0x08004694                _free_r
 .text.rt_watchdog_init
                0x080046a0       0x14 ./rt-thread/components/drivers/watchdog/watchdog.o
 .text.rt_watchdog_open
                0x080046b4        0x4 ./rt-thread/components/drivers/watchdog/watchdog.o
 .text.rt_watchdog_close
                0x080046b8       0x14 ./rt-thread/components/drivers/watchdog/watchdog.o
 .text.rt_watchdog_control
                0x080046cc        0xc ./rt-thread/components/drivers/watchdog/watchdog.o
 .text.rt_hw_watchdog_register
                0x080046d8       0x3c ./rt-thread/components/drivers/watchdog/watchdog.o
                0x080046d8                rt_hw_watchdog_register
 .text.rt_spi_bus_register
                0x08004714       0x2c ./rt-thread/components/drivers/spi/spi_core.o
                0x08004714                rt_spi_bus_register
 .text.rt_spi_bus_attach_device
                0x08004740       0x40 ./rt-thread/components/drivers/spi/spi_core.o
                0x08004740                rt_spi_bus_attach_device
 .text.rt_spi_configure
                0x08004780       0x50 ./rt-thread/components/drivers/spi/spi_core.o
                0x08004780                rt_spi_configure
 .text.rt_spi_transfer
                0x080047d0       0x8c ./rt-thread/components/drivers/spi/spi_core.o
                0x080047d0                rt_spi_transfer
 .text.rt_spi_take_bus
                0x0800485c       0x60 ./rt-thread/components/drivers/spi/spi_core.o
                0x0800485c                rt_spi_take_bus
 .text.rt_spi_release_bus
                0x080048bc       0x10 ./rt-thread/components/drivers/spi/spi_core.o
                0x080048bc                rt_spi_release_bus
 .text._spidev_device_control
                0x080048cc        0x4 ./rt-thread/components/drivers/spi/spi_dev.o
 .text._spi_bus_device_write
                0x080048d0       0x10 ./rt-thread/components/drivers/spi/spi_dev.o
 .text._spi_bus_device_read
                0x080048e0        0xc ./rt-thread/components/drivers/spi/spi_dev.o
 .text._spidev_device_write
                0x080048ec        0xc ./rt-thread/components/drivers/spi/spi_dev.o
 .text._spidev_device_read
                0x080048f8        0xc ./rt-thread/components/drivers/spi/spi_dev.o
 .text._spi_bus_device_control
                0x08004904        0x4 ./rt-thread/components/drivers/spi/spi_dev.o
 .text.rt_spi_bus_device_init
                0x08004908       0x30 ./rt-thread/components/drivers/spi/spi_dev.o
                0x08004908                rt_spi_bus_device_init
 .text.rt_spidev_device_init
                0x08004938       0x30 ./rt-thread/components/drivers/spi/spi_dev.o
                0x08004938                rt_spidev_device_init
 .text._pin_control
                0x08004968       0x1c ./rt-thread/components/drivers/misc/pin.o
 .text._pin_read
                0x08004984       0x20 ./rt-thread/components/drivers/misc/pin.o
 .text._pin_write
                0x080049a4       0x20 ./rt-thread/components/drivers/misc/pin.o
 .text.rt_device_pin_register
                0x080049c4       0x44 ./rt-thread/components/drivers/misc/pin.o
                0x080049c4                rt_device_pin_register
 .text.rt_pin_attach_irq
                0x08004a08       0x28 ./rt-thread/components/drivers/misc/pin.o
                0x08004a08                rt_pin_attach_irq
 .text.rt_pin_irq_enable
                0x08004a30       0x20 ./rt-thread/components/drivers/misc/pin.o
                0x08004a30                rt_pin_irq_enable
 .text.rt_pin_mode
                0x08004a50       0x18 ./rt-thread/components/drivers/misc/pin.o
                0x08004a50                rt_pin_mode
 .text.rt_pin_write
                0x08004a68       0x18 ./rt-thread/components/drivers/misc/pin.o
                0x08004a68                rt_pin_write
 .text.rt_pin_read
                0x08004a80       0x14 ./rt-thread/components/drivers/misc/pin.o
                0x08004a80                rt_pin_read
 .text.HAL_MspInit
                0x08004a94        0x4 ./libraries/STM32L0xx_HAL_Driver/Src/stm32l0xx_hal.o
                0x08004a94                HAL_MspInit
 .text.HAL_Init
                0x08004a98       0x28 ./libraries/STM32L0xx_HAL_Driver/Src/stm32l0xx_hal.o
                0x08004a98                HAL_Init
 .text.HAL_IncTick
                0x08004ac0       0x10 ./libraries/STM32L0xx_HAL_Driver/Src/stm32l0xx_hal.o
                0x08004ac0                HAL_IncTick
 .text.HAL_NVIC_SetPriority
                0x08004ad0       0x68 ./libraries/STM32L0xx_HAL_Driver/Src/stm32l0xx_hal_cortex.o
                0x08004ad0                HAL_NVIC_SetPriority
 .text.HAL_NVIC_EnableIRQ
                0x08004b38       0x14 ./libraries/STM32L0xx_HAL_Driver/Src/stm32l0xx_hal_cortex.o
                0x08004b38                HAL_NVIC_EnableIRQ
 .text.HAL_NVIC_DisableIRQ
                0x08004b4c       0x14 ./libraries/STM32L0xx_HAL_Driver/Src/stm32l0xx_hal_cortex.o
                0x08004b4c                HAL_NVIC_DisableIRQ
 .text.HAL_SYSTICK_Config
                0x08004b60       0x38 ./libraries/STM32L0xx_HAL_Driver/Src/stm32l0xx_hal_cortex.o
                0x08004b60                HAL_SYSTICK_Config
 .text.HAL_SYSTICK_CLKSourceConfig
                0x08004b98       0x20 ./libraries/STM32L0xx_HAL_Driver/Src/stm32l0xx_hal_cortex.o
                0x08004b98                HAL_SYSTICK_CLKSourceConfig
 .text.HAL_DMA_Init
                0x08004bb8       0x8c ./libraries/STM32L0xx_HAL_Driver/Src/stm32l0xx_hal_dma.o
                0x08004bb8                HAL_DMA_Init
 .text.HAL_DMA_Start_IT
                0x08004c44       0x84 ./libraries/STM32L0xx_HAL_Driver/Src/stm32l0xx_hal_dma.o
                0x08004c44                HAL_DMA_Start_IT
 .text.HAL_GPIO_Init
                0x08004cc8      0x1dc ./libraries/STM32L0xx_HAL_Driver/Src/stm32l0xx_hal_gpio.o
                0x08004cc8                HAL_GPIO_Init
 .text.HAL_GPIO_DeInit
                0x08004ea4      0x148 ./libraries/STM32L0xx_HAL_Driver/Src/stm32l0xx_hal_gpio.o
                0x08004ea4                HAL_GPIO_DeInit
 .text.HAL_GPIO_ReadPin
                0x08004fec        0xc ./libraries/STM32L0xx_HAL_Driver/Src/stm32l0xx_hal_gpio.o
                0x08004fec                HAL_GPIO_ReadPin
 .text.HAL_GPIO_WritePin
                0x08004ff8        0xc ./libraries/STM32L0xx_HAL_Driver/Src/stm32l0xx_hal_gpio.o
                0x08004ff8                HAL_GPIO_WritePin
 .text.HAL_GPIO_EXTI_IRQHandler
                0x08005004       0x18 ./libraries/STM32L0xx_HAL_Driver/Src/stm32l0xx_hal_gpio.o
                0x08005004                HAL_GPIO_EXTI_IRQHandler
 .text.HAL_IWDG_Init
                0x0800501c       0x5c ./libraries/STM32L0xx_HAL_Driver/Src/stm32l0xx_hal_iwdg.o
                0x0800501c                HAL_IWDG_Init
 .text.HAL_IWDG_Refresh
                0x08005078       0x10 ./libraries/STM32L0xx_HAL_Driver/Src/stm32l0xx_hal_iwdg.o
                0x08005078                HAL_IWDG_Refresh
 .text.HAL_PWR_EnableBkUpAccess
                0x08005088       0x14 ./libraries/STM32L0xx_HAL_Driver/Src/stm32l0xx_hal_pwr.o
                0x08005088                HAL_PWR_EnableBkUpAccess
 .text.HAL_RCC_GetSysClockFreq
                0x0800509c       0x84 ./libraries/STM32L0xx_HAL_Driver/Src/stm32l0xx_hal_rcc.o
                0x0800509c                HAL_RCC_GetSysClockFreq
 .text.HAL_RCC_OscConfig
                0x08005120      0x5ec ./libraries/STM32L0xx_HAL_Driver/Src/stm32l0xx_hal_rcc.o
                0x08005120                HAL_RCC_OscConfig
 .text.HAL_RCC_ClockConfig
                0x0800570c      0x190 ./libraries/STM32L0xx_HAL_Driver/Src/stm32l0xx_hal_rcc.o
                0x0800570c                HAL_RCC_ClockConfig
 .text.HAL_RCC_GetHCLKFreq
                0x0800589c        0xc ./libraries/STM32L0xx_HAL_Driver/Src/stm32l0xx_hal_rcc.o
                0x0800589c                HAL_RCC_GetHCLKFreq
 .text.HAL_RCC_GetPCLK2Freq
                0x080058a8       0x20 ./libraries/STM32L0xx_HAL_Driver/Src/stm32l0xx_hal_rcc.o
                0x080058a8                HAL_RCC_GetPCLK2Freq
 .text.HAL_RCCEx_PeriphCLKConfig
                0x080058c8      0x204 ./libraries/STM32L0xx_HAL_Driver/Src/stm32l0xx_hal_rcc_ex.o
                0x080058c8                HAL_RCCEx_PeriphCLKConfig
 .text.HAL_RTC_MspInit
                0x08005acc        0x4 ./libraries/STM32L0xx_HAL_Driver/Src/stm32l0xx_hal_rtc.o
                0x08005acc                HAL_RTC_MspInit
 .text.HAL_RTC_GetTime
                0x08005ad0       0x7c ./libraries/STM32L0xx_HAL_Driver/Src/stm32l0xx_hal_rtc.o
                0x08005ad0                HAL_RTC_GetTime
 .text.HAL_RTC_GetDate
                0x08005b4c       0x5c ./libraries/STM32L0xx_HAL_Driver/Src/stm32l0xx_hal_rtc.o
                0x08005b4c                HAL_RTC_GetDate
 .text.HAL_RTC_WaitForSynchro
                0x08005ba8       0x38 ./libraries/STM32L0xx_HAL_Driver/Src/stm32l0xx_hal_rtc.o
                0x08005ba8                HAL_RTC_WaitForSynchro
 .text.RTC_EnterInitMode
                0x08005be0       0x3c ./libraries/STM32L0xx_HAL_Driver/Src/stm32l0xx_hal_rtc.o
                0x08005be0                RTC_EnterInitMode
 .text.HAL_RTC_Init
                0x08005c1c       0xbc ./libraries/STM32L0xx_HAL_Driver/Src/stm32l0xx_hal_rtc.o
                0x08005c1c                HAL_RTC_Init
 .text.HAL_RTC_SetTime
                0x08005cd8      0x140 ./libraries/STM32L0xx_HAL_Driver/Src/stm32l0xx_hal_rtc.o
                0x08005cd8                HAL_RTC_SetTime
 .text.HAL_RTC_SetDate
                0x08005e18      0x118 ./libraries/STM32L0xx_HAL_Driver/Src/stm32l0xx_hal_rtc.o
                0x08005e18                HAL_RTC_SetDate
 .text.HAL_RTCEx_BKUPWrite
                0x08005f30        0xc ./libraries/STM32L0xx_HAL_Driver/Src/stm32l0xx_hal_rtc_ex.o
                0x08005f30                HAL_RTCEx_BKUPWrite
 .text.HAL_RTCEx_BKUPRead
                0x08005f3c        0xc ./libraries/STM32L0xx_HAL_Driver/Src/stm32l0xx_hal_rtc_ex.o
                0x08005f3c                HAL_RTCEx_BKUPRead
 .text.HAL_SPI_TransmitReceive_DMA.part.5
                0x08005f48      0x114 ./libraries/STM32L0xx_HAL_Driver/Src/stm32l0xx_hal_spi.o
 .text.SPI_WaitFlagStateUntilTimeout.constprop.9
                0x0800605c       0x88 ./libraries/STM32L0xx_HAL_Driver/Src/stm32l0xx_hal_spi.o
 .text.SPI_EndRxTransaction
                0x080060e4       0x64 ./libraries/STM32L0xx_HAL_Driver/Src/stm32l0xx_hal_spi.o
 .text.SPI_EndRxTxTransaction
                0x08006148       0x48 ./libraries/STM32L0xx_HAL_Driver/Src/stm32l0xx_hal_spi.o
 .text.HAL_SPI_TransmitReceive.part.3
                0x08006190      0x214 ./libraries/STM32L0xx_HAL_Driver/Src/stm32l0xx_hal_spi.o
 .text.HAL_SPI_Init
                0x080063a4       0x80 ./libraries/STM32L0xx_HAL_Driver/Src/stm32l0xx_hal_spi.o
                0x080063a4                HAL_SPI_Init
 .text.HAL_SPI_Transmit
                0x08006424      0x188 ./libraries/STM32L0xx_HAL_Driver/Src/stm32l0xx_hal_spi.o
                0x08006424                HAL_SPI_Transmit
 .text.HAL_SPI_Receive
                0x080065ac      0x158 ./libraries/STM32L0xx_HAL_Driver/Src/stm32l0xx_hal_spi.o
                0x080065ac                HAL_SPI_Receive
 .text.HAL_SPI_TransmitReceive
                0x08006704       0x20 ./libraries/STM32L0xx_HAL_Driver/Src/stm32l0xx_hal_spi.o
                0x08006704                HAL_SPI_TransmitReceive
 .text.HAL_SPI_Transmit_DMA
                0x08006724       0xc8 ./libraries/STM32L0xx_HAL_Driver/Src/stm32l0xx_hal_spi.o
                0x08006724                HAL_SPI_Transmit_DMA
 .text.HAL_SPI_Receive_DMA
                0x080067ec       0xf4 ./libraries/STM32L0xx_HAL_Driver/Src/stm32l0xx_hal_spi.o
                0x080067ec                HAL_SPI_Receive_DMA
 .text.HAL_SPI_TransmitReceive_DMA
                0x080068e0       0x18 ./libraries/STM32L0xx_HAL_Driver/Src/stm32l0xx_hal_spi.o
                0x080068e0                HAL_SPI_TransmitReceive_DMA
 .text.HAL_SPI_TxCpltCallback
                0x080068f8        0x4 ./libraries/STM32L0xx_HAL_Driver/Src/stm32l0xx_hal_spi.o
                0x080068f8                HAL_SPI_TxCpltCallback
 .text.HAL_SPI_RxCpltCallback
                0x080068fc        0x4 ./libraries/STM32L0xx_HAL_Driver/Src/stm32l0xx_hal_spi.o
                0x080068fc                HAL_SPI_RxCpltCallback
 .text.HAL_SPI_TxRxCpltCallback
                0x08006900        0x4 ./libraries/STM32L0xx_HAL_Driver/Src/stm32l0xx_hal_spi.o
                0x08006900                HAL_SPI_TxRxCpltCallback
 .text.HAL_SPI_TxHalfCpltCallback
                0x08006904        0x4 ./libraries/STM32L0xx_HAL_Driver/Src/stm32l0xx_hal_spi.o
                0x08006904                HAL_SPI_TxHalfCpltCallback
 .text.SPI_DMAHalfTransmitCplt
                0x08006908        0xc ./libraries/STM32L0xx_HAL_Driver/Src/stm32l0xx_hal_spi.o
 .text.HAL_SPI_RxHalfCpltCallback
                0x08006914        0x4 ./libraries/STM32L0xx_HAL_Driver/Src/stm32l0xx_hal_spi.o
                0x08006914                HAL_SPI_RxHalfCpltCallback
 .text.SPI_DMAHalfReceiveCplt
                0x08006918        0xc ./libraries/STM32L0xx_HAL_Driver/Src/stm32l0xx_hal_spi.o
 .text.HAL_SPI_TxRxHalfCpltCallback
                0x08006924        0x4 ./libraries/STM32L0xx_HAL_Driver/Src/stm32l0xx_hal_spi.o
                0x08006924                HAL_SPI_TxRxHalfCpltCallback
 .text.SPI_DMAHalfTransmitReceiveCplt
                0x08006928        0xc ./libraries/STM32L0xx_HAL_Driver/Src/stm32l0xx_hal_spi.o
 .text.HAL_SPI_ErrorCallback
                0x08006934        0x4 ./libraries/STM32L0xx_HAL_Driver/Src/stm32l0xx_hal_spi.o
                0x08006934                HAL_SPI_ErrorCallback
 .text.SPI_DMAError
                0x08006938       0x24 ./libraries/STM32L0xx_HAL_Driver/Src/stm32l0xx_hal_spi.o
 .text.SPI_DMATransmitCplt
                0x0800695c       0x70 ./libraries/STM32L0xx_HAL_Driver/Src/stm32l0xx_hal_spi.o
 .text.SPI_DMAReceiveCplt
                0x080069cc       0x54 ./libraries/STM32L0xx_HAL_Driver/Src/stm32l0xx_hal_spi.o
 .text.SPI_DMATransmitReceiveCplt
                0x08006a20       0x5c ./libraries/STM32L0xx_HAL_Driver/Src/stm32l0xx_hal_spi.o
 .text.HAL_SPI_GetState
                0x08006a7c        0x8 ./libraries/STM32L0xx_HAL_Driver/Src/stm32l0xx_hal_spi.o
                0x08006a7c                HAL_SPI_GetState
 .text.Reset_Handler
                0x08006a84       0x4c ./libraries/CMSIS/Device/ST/STM32L0xx/Source/Templates/gcc/startup_stm32l072xx.o
                0x08006a84                Reset_Handler
 .text.Default_Handler
                0x08006ad0        0x2 ./libraries/CMSIS/Device/ST/STM32L0xx/Source/Templates/gcc/startup_stm32l072xx.o
                0x08006ad0                TSC_IRQHandler
                0x08006ad0                ADC1_COMP_IRQHandler
                0x08006ad0                PVD_IRQHandler
                0x08006ad0                NMI_Handler
                0x08006ad0                I2C1_IRQHandler
                0x08006ad0                RCC_CRS_IRQHandler
                0x08006ad0                SPI1_IRQHandler
                0x08006ad0                TIM6_DAC_IRQHandler
                0x08006ad0                I2C2_IRQHandler
                0x08006ad0                RTC_IRQHandler
                0x08006ad0                DMA1_Channel4_5_6_7_IRQHandler
                0x08006ad0                TIM3_IRQHandler
                0x08006ad0                DMA1_Channel1_IRQHandler
                0x08006ad0                USART4_5_IRQHandler
                0x08006ad0                Default_Handler
                0x08006ad0                TIM22_IRQHandler
                0x08006ad0                TIM7_IRQHandler
                0x08006ad0                USB_IRQHandler
                0x08006ad0                I2C3_IRQHandler
                0x08006ad0                SPI2_IRQHandler
                0x08006ad0                SVC_Handler
                0x08006ad0                TIM21_IRQHandler
                0x08006ad0                WWDG_IRQHandler
                0x08006ad0                TIM2_IRQHandler
                0x08006ad0                DMA1_Channel2_3_IRQHandler
                0x08006ad0                USART2_IRQHandler
                0x08006ad0                FLASH_IRQHandler
                0x08006ad0                USART1_IRQHandler
                0x08006ad0                RNG_LPUART1_IRQHandler
                0x08006ad0                LPTIM1_IRQHandler
 *fill*         0x08006ad2        0x2 00000000
 .text.SystemInit
                0x08006ad4       0x5c ./libraries/CMSIS/Device/ST/STM32L0xx/Source/Templates/system_stm32l0xx.o
                0x08006ad4                SystemInit
 .text.clock_information
                0x08006b30        0x4 ./drivers/board.o
                0x08006b30                clock_information
 .text.SystemClock_Config
                0x08006b34       0xd0 ./drivers/board.o
                0x08006b34                SystemClock_Config
 .text.HAL_SPI_MspInit
                0x08006c04       0x58 ./drivers/board.o
                0x08006c04                HAL_SPI_MspInit
 .text.rt_hw_systick_init
                0x08006c5c       0x28 ./drivers/drv_common.o
                0x08006c5c                rt_hw_systick_init
 .text.SysTick_Handler
                0x08006c84       0x14 ./drivers/drv_common.o
                0x08006c84                SysTick_Handler
 .text.HAL_GetTick
                0x08006c98       0x14 ./drivers/drv_common.o
                0x08006c98                HAL_GetTick
 .text.HAL_InitTick
                0x08006cac        0x4 ./drivers/drv_common.o
                0x08006cac                HAL_InitTick
 .text._Error_Handler
                0x08006cb0        0x4 ./drivers/drv_common.o
                0x08006cb0                _Error_Handler
 .text.rt_hw_board_init
                0x08006cb4       0x38 ./drivers/drv_common.o
                0x08006cb4                rt_hw_board_init
 .text.stm32_pin_dettach_irq
                0x08006cec       0x74 ./drivers/drv_gpio.o
 .text.stm32_pin_attach_irq
                0x08006d60       0xb8 ./drivers/drv_gpio.o
 .text.stm32_pin_mode
                0x08006e18       0x78 ./drivers/drv_gpio.o
 .text.stm32_pin_irq_enable
                0x08006e90      0x19c ./drivers/drv_gpio.o
 .text.stm32_pin_read
                0x0800702c       0x2c ./drivers/drv_gpio.o
 .text.stm32_pin_write
                0x08007058       0x2c ./drivers/drv_gpio.o
 .text.HAL_GPIO_EXTI_Callback
                0x08007084       0x34 ./drivers/drv_gpio.o
                0x08007084                HAL_GPIO_EXTI_Callback
 .text.EXTI0_1_IRQHandler
                0x080070b8       0x18 ./drivers/drv_gpio.o
                0x080070b8                EXTI0_1_IRQHandler
 .text.EXTI2_3_IRQHandler
                0x080070d0       0x18 ./drivers/drv_gpio.o
                0x080070d0                EXTI2_3_IRQHandler
 .text.EXTI4_15_IRQHandler
                0x080070e8       0x5c ./drivers/drv_gpio.o
                0x080070e8                EXTI4_15_IRQHandler
 .text.rt_hw_pin_init
                0x08007144       0x80 ./drivers/drv_gpio.o
                0x08007144                rt_hw_pin_init
 .text.rt_rtc_control
                0x080071c4       0xd0 ./drivers/drv_rtc.o
 .text.rt_hw_rtc_init
                0x08007294       0xa4 ./drivers/drv_rtc.o
                0x08007294                rt_hw_rtc_init
 .text.rt_hw_spi_init
                0x08007338       0x7c ./drivers/drv_spi.o
                0x08007338                rt_hw_spi_init
 .text.spixfer  0x080073b4      0x13c ./drivers/drv_spi.o
 .text.spi_configure
                0x080074f0      0x174 ./drivers/drv_spi.o
 .text.rt_hw_spi_device_attach
                0x08007664       0x54 ./drivers/drv_spi.o
                0x08007664                rt_hw_spi_device_attach
 .text.wdt_init
                0x080076b8        0x4 ./drivers/drv_wdt.o
 .text.rt_wdt_init
                0x080076bc       0x54 ./drivers/drv_wdt.o
                0x080076bc                rt_wdt_init
 .text.wdt_control
                0x08007710       0x84 ./drivers/drv_wdt.o
 .text.startup.main
                0x08007794       0x10 ./applications/main.o
                0x08007794                main
 .text.xor_block
                0x080077a4       0x84 ./RF/softse/aes.o
 .text.copy_and_key
                0x08007828       0x84 ./RF/softse/aes.o
 .text.aes_encrypt.part.0
                0x080078ac      0x2bc ./RF/softse/aes.o
 .text.aes_set_key
                0x08007b68      0x130 ./RF/softse/aes.o
                0x08007b68                aes_set_key
 .text.aes_encrypt
                0x08007c98       0x18 ./RF/softse/aes.o
                0x08007c98                aes_encrypt
 .text.AES_CMAC_Init
                0x08007cb0       0x24 ./RF/softse/cmac.o
                0x08007cb0                AES_CMAC_Init
 .text.AES_CMAC_SetKey
                0x08007cd4       0x10 ./RF/softse/cmac.o
                0x08007cd4                AES_CMAC_SetKey
 .text.AES_CMAC_Update
                0x08007ce4      0x100 ./RF/softse/cmac.o
                0x08007ce4                AES_CMAC_Update
 .text.AES_CMAC_Final
                0x08007de4      0x174 ./RF/softse/cmac.o
                0x08007de4                AES_CMAC_Final
 .text.DummyCB  0x08007f58        0x4 ./RF/softse/soft-se.o
 .text.ComputeCmac
                0x08007f5c       0xa0 ./RF/softse/soft-se.o
 .text.SecureElementInit
                0x08007ffc      0x130 ./RF/softse/soft-se.o
                0x08007ffc                SecureElementInit
 .text.SecureElementRestoreNvmCtx
                0x0800812c       0x20 ./RF/softse/soft-se.o
                0x0800812c                SecureElementRestoreNvmCtx
 .text.SecureElementGetNvmCtx
                0x0800814c       0x10 ./RF/softse/soft-se.o
                0x0800814c                SecureElementGetNvmCtx
 .text.SecureElementComputeAesCmac
                0x0800815c       0x1c ./RF/softse/soft-se.o
                0x0800815c                SecureElementComputeAesCmac
 .text.SecureElementVerifyAesCmac
                0x08008178       0x34 ./RF/softse/soft-se.o
                0x08008178                SecureElementVerifyAesCmac
 .text.SecureElementAesEncrypt
                0x080081ac       0x9c ./RF/softse/soft-se.o
                0x080081ac                SecureElementAesEncrypt
 .text.SecureElementSetKey
                0x08008248       0xa4 ./RF/softse/soft-se.o
                0x08008248                SecureElementSetKey
 .text.SecureElementDeriveAndStoreKey
                0x080082ec       0x58 ./RF/softse/soft-se.o
                0x080082ec                SecureElementDeriveAndStoreKey
 .text.SecureElementRandomNumber
                0x08008344       0x20 ./RF/softse/soft-se.o
                0x08008344                SecureElementRandomNumber
 .text.SecureElementSetDevEui
                0x08008364       0x28 ./RF/softse/soft-se.o
                0x08008364                SecureElementSetDevEui
 .text.SecureElementGetDevEui
                0x0800838c        0x8 ./RF/softse/soft-se.o
                0x0800838c                SecureElementGetDevEui
 .text.SecureElementSetJoinEui
                0x08008394       0x28 ./RF/softse/soft-se.o
                0x08008394                SecureElementSetJoinEui
 .text.SecureElementGetJoinEui
                0x080083bc        0xc ./RF/softse/soft-se.o
                0x080083bc                SecureElementGetJoinEui
 .text.RadioCheckRfFrequency
                0x080083c8        0x4 ./RF/radio/src/radio.o
                0x080083c8                RadioCheckRfFrequency
 .text.RadioOnTxTimeoutIrq
                0x080083cc       0x18 ./RF/radio/src/radio.o
                0x080083cc                RadioOnTxTimeoutIrq
 .text.RadioOnRxTimeoutIrq
                0x080083e4       0x18 ./RF/radio/src/radio.o
                0x080083e4                RadioOnRxTimeoutIrq
 .text.RadioOnDioIrq
                0x080083fc        0xc ./RF/radio/src/radio.o
                0x080083fc                RadioOnDioIrq
 .text.RadioStandby
                0x08008408        0xc ./RF/radio/src/radio.o
                0x08008408                RadioStandby
 .text.RadioInit
                0x08008414       0x90 ./RF/radio/src/radio.o
                0x08008414                RadioInit
 .text.RadioGetStatus
                0x080084a4       0x1c ./RF/radio/src/radio.o
                0x080084a4                RadioGetStatus
 .text.RadioSetChannel
                0x080084c0        0x8 ./RF/radio/src/radio.o
                0x080084c0                RadioSetChannel
 .text.RadioRssi
                0x080084c8        0x8 ./RF/radio/src/radio.o
                0x080084c8                RadioRssi
 .text.RadioRead
                0x080084d0        0x8 ./RF/radio/src/radio.o
                0x080084d0                RadioRead
 .text.RadioWrite
                0x080084d8        0x8 ./RF/radio/src/radio.o
                0x080084d8                RadioWrite
 .text.RadioSend
                0x080084e0       0x5c ./RF/radio/src/radio.o
                0x080084e0                RadioSend
 .text.RadioSleep
                0x0800853c       0x10 ./RF/radio/src/radio.o
                0x0800853c                RadioSleep
 .text.RadioSetRxDutyCycle
                0x0800854c        0x8 ./RF/radio/src/radio.o
                0x0800854c                RadioSetRxDutyCycle
 .text.RadioStartCad
                0x08008554        0x8 ./RF/radio/src/radio.o
                0x08008554                RadioStartCad
 .text.RadioSetTxContinuousWave
                0x0800855c       0x4c ./RF/radio/src/radio.o
                0x0800855c                RadioSetTxContinuousWave
 .text.RadioWriteBuffer
                0x080085a8        0xc ./RF/radio/src/radio.o
                0x080085a8                RadioWriteBuffer
 .text.RadioReadBuffer
                0x080085b4        0xc ./RF/radio/src/radio.o
                0x080085b4                RadioReadBuffer
 .text.RadioGetWakeupTime
                0x080085c0        0xc ./RF/radio/src/radio.o
                0x080085c0                RadioGetWakeupTime
 .text.RadioGetFskBandwidthRegValue.part.0
                0x080085cc       0x38 ./RF/radio/src/radio.o
 .text.RadioSetMaxPayloadLength
                0x08008604       0x38 ./RF/radio/src/radio.o
                0x08008604                RadioSetMaxPayloadLength
 .text.RadioSetModem
                0x0800863c       0x30 ./RF/radio/src/radio.o
                0x0800863c                RadioSetModem
 .text.RadioSetPublicNetwork
                0x0800866c       0x44 ./RF/radio/src/radio.o
                0x0800866c                RadioSetPublicNetwork
 .text.RadioSetRxConfig
                0x080086b0      0x24c ./RF/radio/src/radio.o
                0x080086b0                RadioSetRxConfig
 .text.RadioSetTxConfig
                0x080088fc      0x1b0 ./RF/radio/src/radio.o
                0x080088fc                RadioSetTxConfig
 .text.RadioRandom
                0x08008aac       0x34 ./RF/radio/src/radio.o
                0x08008aac                RadioRandom
 .text.RadioTimeOnAir
                0x08008ae0      0x1ac ./RF/radio/src/radio.o
                0x08008ae0                RadioTimeOnAir
 .text.RadioRx  0x08008c8c       0x60 ./RF/radio/src/radio.o
                0x08008c8c                RadioRx
 .text.RadioIsChannelFree
                0x08008cec       0x50 ./RF/radio/src/radio.o
                0x08008cec                RadioIsChannelFree
 .text.RadioRxBoosted
                0x08008d3c       0x60 ./RF/radio/src/radio.o
                0x08008d3c                RadioRxBoosted
 .text.RadioIrqProcess
                0x08008d9c      0x1ac ./RF/radio/src/radio.o
                0x08008d9c                RadioIrqProcess
 .text.SX126xSpiInit
                0x08008f48       0x4c ./RF/radio/src/sx126x-board.o
                0x08008f48                SX126xSpiInit
 .text.SX126xIoIrqInit
                0x08008f94       0x1c ./RF/radio/src/sx126x-board.o
                0x08008f94                SX126xIoIrqInit
 .text.SX126xIoDeInit
                0x08008fb0       0x24 ./RF/radio/src/sx126x-board.o
                0x08008fb0                SX126xIoDeInit
 .text.SX126xIoInit
                0x08008fd4        0x8 ./RF/radio/src/sx126x-board.o
                0x08008fd4                SX126xIoInit
 .text.SX126xIoTcxoInit
                0x08008fdc       0x14 ./RF/radio/src/sx126x-board.o
                0x08008fdc                SX126xIoTcxoInit
 .text.SX126xGetBoardTcxoWakeupTime
                0x08008ff0        0x4 ./RF/radio/src/sx126x-board.o
                0x08008ff0                SX126xGetBoardTcxoWakeupTime
 .text.SX126xReset
                0x08008ff4       0x30 ./RF/radio/src/sx126x-board.o
                0x08008ff4                SX126xReset
 .text.SX126xWaitOnBusy
                0x08009024       0x10 ./RF/radio/src/sx126x-board.o
                0x08009024                SX126xWaitOnBusy
 .text.SX126xWakeup
                0x08009034       0x8c ./RF/radio/src/sx126x-board.o
                0x08009034                SX126xWakeup
 .text.SX126xWriteCommand
                0x080090c0       0xac ./RF/radio/src/sx126x-board.o
                0x080090c0                SX126xWriteCommand
 .text.SX126xReadCommand
                0x0800916c       0xdc ./RF/radio/src/sx126x-board.o
                0x0800916c                SX126xReadCommand
 .text.SX126xWriteRegisters
                0x08009248       0xfc ./RF/radio/src/sx126x-board.o
                0x08009248                SX126xWriteRegisters
 .text.SX126xWriteRegister
                0x08009344       0x18 ./RF/radio/src/sx126x-board.o
                0x08009344                SX126xWriteRegister
 .text.SX126xReadRegisters
                0x0800935c      0x12c ./RF/radio/src/sx126x-board.o
                0x0800935c                SX126xReadRegisters
 .text.SX126xReadRegister
                0x08009488       0x18 ./RF/radio/src/sx126x-board.o
                0x08009488                SX126xReadRegister
 .text.SX126xWriteBuffer
                0x080094a0       0xcc ./RF/radio/src/sx126x-board.o
                0x080094a0                SX126xWriteBuffer
 .text.SX126xReadBuffer
                0x0800956c       0xfc ./RF/radio/src/sx126x-board.o
                0x0800956c                SX126xReadBuffer
 .text.SX126xSetRfTxPower
                0x08009668        0xc ./RF/radio/src/sx126x-board.o
                0x08009668                SX126xSetRfTxPower
 .text.SX126xGetDeviceId
                0x08009674        0x4 ./RF/radio/src/sx126x-board.o
                0x08009674                SX126xGetDeviceId
 .text.SX126xAntSwOn
                0x08009678       0x14 ./RF/radio/src/sx126x-board.o
                0x08009678                SX126xAntSwOn
 .text.SX126xAntSwOff
                0x0800968c       0x14 ./RF/radio/src/sx126x-board.o
                0x0800968c                SX126xAntSwOff
 .text.SX126xInit
                0x080096a0       0x58 ./RF/radio/src/sx126x.o
                0x080096a0                SX126xInit
 .text.SX126xGetOperatingMode
                0x080096f8        0xc ./RF/radio/src/sx126x.o
                0x080096f8                SX126xGetOperatingMode
 .text.SX126xSetOperatingMode
                0x08009704        0xc ./RF/radio/src/sx126x.o
                0x08009704                SX126xSetOperatingMode
 .text.SX126xCheckDeviceReady
                0x08009710       0x24 ./RF/radio/src/sx126x.o
                0x08009710                SX126xCheckDeviceReady
 .text.SX126xSetSyncWord
                0x08009734       0x14 ./RF/radio/src/sx126x.o
                0x08009734                SX126xSetSyncWord
 .text.SX126xSetCrcSeed
                0x08009748       0x28 ./RF/radio/src/sx126x.o
                0x08009748                SX126xSetCrcSeed
 .text.SX126xSetCrcPolynomial
                0x08009770       0x28 ./RF/radio/src/sx126x.o
                0x08009770                SX126xSetCrcPolynomial
 .text.SX126xSetWhiteningSeed
                0x08009798       0x3c ./RF/radio/src/sx126x.o
                0x08009798                SX126xSetWhiteningSeed
 .text.SX126xSetSleep
                0x080097d4       0x30 ./RF/radio/src/sx126x.o
                0x080097d4                SX126xSetSleep
 .text.SX126xSetStandby
                0x08009804       0x30 ./RF/radio/src/sx126x.o
                0x08009804                SX126xSetStandby
 .text.SX126xSetTx
                0x08009834       0x28 ./RF/radio/src/sx126x.o
                0x08009834                SX126xSetTx
 .text.SX126xSendPayload
                0x0800985c       0x18 ./RF/radio/src/sx126x.o
                0x0800985c                SX126xSendPayload
 .text.SX126xSetRx
                0x08009874       0x28 ./RF/radio/src/sx126x.o
                0x08009874                SX126xSetRx
 .text.SX126xSetRxBoosted
                0x0800989c       0x34 ./RF/radio/src/sx126x.o
                0x0800989c                SX126xSetRxBoosted
 .text.SX126xSetRxDutyCycle
                0x080098d0       0x34 ./RF/radio/src/sx126x.o
                0x080098d0                SX126xSetRxDutyCycle
 .text.SX126xSetCad
                0x08009904       0x18 ./RF/radio/src/sx126x.o
                0x08009904                SX126xSetCad
 .text.SX126xSetTxContinuousWave
                0x0800991c       0x10 ./RF/radio/src/sx126x.o
                0x0800991c                SX126xSetTxContinuousWave
 .text.SX126xSetStopRxTimerOnPreambleDetect
                0x0800992c       0x18 ./RF/radio/src/sx126x.o
                0x0800992c                SX126xSetStopRxTimerOnPreambleDetect
 .text.SX126xSetLoRaSymbNumTimeout
                0x08009944       0x18 ./RF/radio/src/sx126x.o
                0x08009944                SX126xSetLoRaSymbNumTimeout
 .text.SX126xSetRegulatorMode
                0x0800995c       0x18 ./RF/radio/src/sx126x.o
                0x0800995c                SX126xSetRegulatorMode
 .text.SX126xCalibrate
                0x08009974       0x38 ./RF/radio/src/sx126x.o
                0x08009974                SX126xCalibrate
 .text.SX126xCalibrateImage
                0x080099ac       0x7c ./RF/radio/src/sx126x.o
                0x080099ac                SX126xCalibrateImage
 .text.SX126xSetDioIrqParams
                0x08009a28       0x2c ./RF/radio/src/sx126x.o
                0x08009a28                SX126xSetDioIrqParams
 .text.SX126xGetIrqStatus
                0x08009a54       0x1c ./RF/radio/src/sx126x.o
                0x08009a54                SX126xGetIrqStatus
 .text.SX126xSetDio3AsTcxoCtrl
                0x08009a70       0x24 ./RF/radio/src/sx126x.o
                0x08009a70                SX126xSetDio3AsTcxoCtrl
 .text.SX126xSetRfFrequency
                0x08009a94       0x4c ./RF/radio/src/sx126x.o
                0x08009a94                SX126xSetRfFrequency
 .text.SX126xSetPacketType
                0x08009ae0       0x20 ./RF/radio/src/sx126x.o
                0x08009ae0                SX126xSetPacketType
 .text.SX126xGetPacketType
                0x08009b00        0xc ./RF/radio/src/sx126x.o
                0x08009b00                SX126xGetPacketType
 .text.SX126xSetTxParams
                0x08009b0c       0xe4 ./RF/radio/src/sx126x.o
                0x08009b0c                SX126xSetTxParams
 .text.SX126xSetModulationParams
                0x08009bf0       0xbc ./RF/radio/src/sx126x.o
                0x08009bf0                SX126xSetModulationParams
 .text.SX126xSetPacketParams
                0x08009cac       0xc8 ./RF/radio/src/sx126x.o
                0x08009cac                SX126xSetPacketParams
 .text.SX126xSetBufferBaseAddress
                0x08009d74       0x18 ./RF/radio/src/sx126x.o
                0x08009d74                SX126xSetBufferBaseAddress
 .text.SX126xGetRssiInst
                0x08009d8c       0x1c ./RF/radio/src/sx126x.o
                0x08009d8c                SX126xGetRssiInst
 .text.SX126xGetRxBufferStatus
                0x08009da8       0x48 ./RF/radio/src/sx126x.o
                0x08009da8                SX126xGetRxBufferStatus
 .text.SX126xGetPayload
                0x08009df0       0x30 ./RF/radio/src/sx126x.o
                0x08009df0                SX126xGetPayload
 .text.SX126xGetPacketStatus
                0x08009e20       0x80 ./RF/radio/src/sx126x.o
                0x08009e20                SX126xGetPacketStatus
 .text.SX126xClearIrqStatus
                0x08009ea0       0x18 ./RF/radio/src/sx126x.o
                0x08009ea0                SX126xClearIrqStatus
 .text.OnRadioTxTimeout
                0x08009eb8       0x2c ./RF/mac/src/LoRaMac.o
 .text.OnRadioRxError
                0x08009ee4       0x2c ./RF/mac/src/LoRaMac.o
 .text.OnRadioRxTimeout
                0x08009f10       0x2c ./RF/mac/src/LoRaMac.o
 .text.StopRetransmission
                0x08009f3c       0x58 ./RF/mac/src/LoRaMac.o
 .text.EventCryptoNvmCtxChanged
                0x08009f94       0x20 ./RF/mac/src/LoRaMac.o
 .text.EventSecureElementNvmCtxChanged
                0x08009fb4       0x20 ./RF/mac/src/LoRaMac.o
 .text.EventCommandsNvmCtxChanged
                0x08009fd4       0x20 ./RF/mac/src/LoRaMac.o
 .text.EventClassBNvmCtxChanged
                0x08009ff4       0x20 ./RF/mac/src/LoRaMac.o
 .text.EventConfirmQueueNvmCtxChanged
                0x0800a014       0x20 ./RF/mac/src/LoRaMac.o
 .text.GetMaxAppPayloadWithoutFOptsLength
                0x0800a034       0x40 ./RF/mac/src/LoRaMac.o
 .text.OnAckTimeoutTimerEvent
                0x0800a074       0x5c ./RF/mac/src/LoRaMac.o
 .text.PrepareRxDoneAbort
                0x0800a0d0       0x5c ./RF/mac/src/LoRaMac.o
 .text.HandleRadioRxErrorTimeout
                0x0800a12c      0x140 ./RF/mac/src/LoRaMac.o
 .text.ResetMacParameters
                0x0800a26c      0x134 ./RF/mac/src/LoRaMac.o
 .text.OnRadioRxDone
                0x0800a3a0       0x48 ./RF/mac/src/LoRaMac.o
 .text.OnRadioTxDone
                0x0800a3e8       0x4c ./RF/mac/src/LoRaMac.o
 .text.RxWindowSetup
                0x0800a434       0x50 ./RF/mac/src/LoRaMac.o
 .text.OnRxWindow1TimerEvent
                0x0800a484       0x68 ./RF/mac/src/LoRaMac.o
 .text.OnRxWindow2TimerEvent
                0x0800a4ec       0x70 ./RF/mac/src/LoRaMac.o
 .text.RestoreCtxs.part.7
                0x0800a55c       0xc8 ./RF/mac/src/LoRaMac.o
 .text.ProcessMacCommands.isra.1.constprop.9
                0x0800a624      0x584 ./RF/mac/src/LoRaMac.o
 .text.OpenContinuousRxCWindow
                0x0800aba8       0x70 ./RF/mac/src/LoRaMac.o
                0x0800aba8                OpenContinuousRxCWindow
 .text.SwitchClass
                0x0800ac18      0x120 ./RF/mac/src/LoRaMac.o
 .text.PrepareFrame
                0x0800ad38      0x1bc ./RF/mac/src/LoRaMac.o
                0x0800ad38                PrepareFrame
 .text.SendFrameOnChannel
                0x0800aef4       0xf8 ./RF/mac/src/LoRaMac.o
                0x0800aef4                SendFrameOnChannel
 .text.ScheduleTx
                0x0800afec      0x2cc ./RF/mac/src/LoRaMac.o
 .text.OnTxDelayedTimerEvent
                0x0800b2b8       0x68 ./RF/mac/src/LoRaMac.o
 .text.Send     0x0800b320      0x144 ./RF/mac/src/LoRaMac.o
                0x0800b320                Send
 .text.SendReJoinReq
                0x0800b464       0x5c ./RF/mac/src/LoRaMac.o
                0x0800b464                SendReJoinReq
 .text.SetTxContinuousWave
                0x0800b4c0       0x58 ./RF/mac/src/LoRaMac.o
                0x0800b4c0                SetTxContinuousWave
 .text.GetCtxs  0x0800b518       0x70 ./RF/mac/src/LoRaMac.o
                0x0800b518                GetCtxs
 .text.DetermineFrameType
                0x0800b588       0x50 ./RF/mac/src/LoRaMac.o
                0x0800b588                DetermineFrameType
 .text.LoRaMacProcess
                0x0800b5d8      0xb2c ./RF/mac/src/LoRaMac.o
                0x0800b5d8                LoRaMacProcess
 .text.LoRaMacInitialization
                0x0800c104      0x470 ./RF/mac/src/LoRaMac.o
                0x0800c104                LoRaMacInitialization
 .text.LoRaMacStart
                0x0800c574       0x14 ./RF/mac/src/LoRaMac.o
                0x0800c574                LoRaMacStart
 .text.LoRaMacQueryTxPossible
                0x0800c588       0xc8 ./RF/mac/src/LoRaMac.o
                0x0800c588                LoRaMacQueryTxPossible
 .text.LoRaMacMibGetRequestConfirm
                0x0800c650      0x220 ./RF/mac/src/LoRaMac.o
                0x0800c650                LoRaMacMibGetRequestConfirm
 .text.LoRaMacMibSetRequestConfirm
                0x0800c870      0x584 ./RF/mac/src/LoRaMac.o
                0x0800c870                LoRaMacMibSetRequestConfirm
 .text.LoRaMacMlmeRequest
                0x0800cdf4      0x1dc ./RF/mac/src/LoRaMac.o
                0x0800cdf4                LoRaMacMlmeRequest
 .text.LoRaMacMcpsRequest
                0x0800cfd0      0x1a0 ./RF/mac/src/LoRaMac.o
                0x0800cfd0                LoRaMacMcpsRequest
 .text.LoRaMacAdrCalcNext
                0x0800d170       0xe0 ./RF/mac/src/LoRaMacAdr.o
                0x0800d170                LoRaMacAdrCalcNext
 .text.LoRaMacClassBInit
                0x0800d250        0x4 ./RF/mac/src/LoRaMacClassB.o
                0x0800d250                LoRaMacClassBInit
 .text.LoRaMacClassBRestoreNvmCtx
                0x0800d254        0x4 ./RF/mac/src/LoRaMacClassB.o
                0x0800d254                LoRaMacClassBRestoreNvmCtx
 .text.LoRaMacClassBGetNvmCtx
                0x0800d258        0x8 ./RF/mac/src/LoRaMacClassB.o
                0x0800d258                LoRaMacClassBGetNvmCtx
 .text.LoRaMacClassBSetBeaconState
                0x0800d260        0x4 ./RF/mac/src/LoRaMacClassB.o
                0x0800d260                LoRaMacClassBSetBeaconState
 .text.LoRaMacClassBSetPingSlotState
                0x0800d264        0x4 ./RF/mac/src/LoRaMacClassB.o
                0x0800d264                LoRaMacClassBSetPingSlotState
 .text.LoRaMacClassBSetMulticastSlotState
                0x0800d268        0x4 ./RF/mac/src/LoRaMacClassB.o
                0x0800d268                LoRaMacClassBSetMulticastSlotState
 .text.LoRaMacClassBIsAcquisitionInProgress
                0x0800d26c        0x4 ./RF/mac/src/LoRaMacClassB.o
                0x0800d26c                LoRaMacClassBIsAcquisitionInProgress
 .text.LoRaMacClassBBeaconTimerEvent
                0x0800d270        0x4 ./RF/mac/src/LoRaMacClassB.o
                0x0800d270                LoRaMacClassBBeaconTimerEvent
 .text.LoRaMacClassBPingSlotTimerEvent
                0x0800d274        0x4 ./RF/mac/src/LoRaMacClassB.o
                0x0800d274                LoRaMacClassBPingSlotTimerEvent
 .text.LoRaMacClassBMulticastSlotTimerEvent
                0x0800d278        0x4 ./RF/mac/src/LoRaMacClassB.o
                0x0800d278                LoRaMacClassBMulticastSlotTimerEvent
 .text.LoRaMacClassBRxBeacon
                0x0800d27c        0x4 ./RF/mac/src/LoRaMacClassB.o
                0x0800d27c                LoRaMacClassBRxBeacon
 .text.LoRaMacClassBIsBeaconExpected
                0x0800d280        0x4 ./RF/mac/src/LoRaMacClassB.o
                0x0800d280                LoRaMacClassBIsBeaconExpected
 .text.LoRaMacClassBIsPingExpected
                0x0800d284        0x4 ./RF/mac/src/LoRaMacClassB.o
                0x0800d284                LoRaMacClassBIsPingExpected
 .text.LoRaMacClassBIsMulticastExpected
                0x0800d288        0x4 ./RF/mac/src/LoRaMacClassB.o
                0x0800d288                LoRaMacClassBIsMulticastExpected
 .text.LoRaMacClassBIsBeaconModeActive
                0x0800d28c        0x4 ./RF/mac/src/LoRaMacClassB.o
                0x0800d28c                LoRaMacClassBIsBeaconModeActive
 .text.LoRaMacClassBSetPingSlotInfo
                0x0800d290        0x4 ./RF/mac/src/LoRaMacClassB.o
                0x0800d290                LoRaMacClassBSetPingSlotInfo
 .text.LoRaMacClassBHaltBeaconing
                0x0800d294        0x4 ./RF/mac/src/LoRaMacClassB.o
                0x0800d294                LoRaMacClassBHaltBeaconing
 .text.LoRaMacClassBResumeBeaconing
                0x0800d298        0x4 ./RF/mac/src/LoRaMacClassB.o
                0x0800d298                LoRaMacClassBResumeBeaconing
 .text.LoRaMacClassBSwitchClass
                0x0800d29c        0x4 ./RF/mac/src/LoRaMacClassB.o
                0x0800d29c                LoRaMacClassBSwitchClass
 .text.LoRaMacClassBMibGetRequestConfirm
                0x0800d2a0        0x4 ./RF/mac/src/LoRaMacClassB.o
                0x0800d2a0                LoRaMacClassBMibGetRequestConfirm
 .text.LoRaMacMibClassBSetRequestConfirm
                0x0800d2a4        0x4 ./RF/mac/src/LoRaMacClassB.o
                0x0800d2a4                LoRaMacMibClassBSetRequestConfirm
 .text.LoRaMacClassBPingSlotInfoAns
                0x0800d2a8        0x4 ./RF/mac/src/LoRaMacClassB.o
                0x0800d2a8                LoRaMacClassBPingSlotInfoAns
 .text.LoRaMacClassBPingSlotChannelReq
                0x0800d2ac        0x4 ./RF/mac/src/LoRaMacClassB.o
                0x0800d2ac                LoRaMacClassBPingSlotChannelReq
 .text.LoRaMacClassBBeaconTimingAns
                0x0800d2b0        0x4 ./RF/mac/src/LoRaMacClassB.o
                0x0800d2b0                LoRaMacClassBBeaconTimingAns
 .text.LoRaMacClassBDeviceTimeAns
                0x0800d2b4        0x4 ./RF/mac/src/LoRaMacClassB.o
                0x0800d2b4                LoRaMacClassBDeviceTimeAns
 .text.LoRaMacClassBBeaconFreqReq
                0x0800d2b8        0x4 ./RF/mac/src/LoRaMacClassB.o
                0x0800d2b8                LoRaMacClassBBeaconFreqReq
 .text.LoRaMacClassBIsUplinkCollision
                0x0800d2bc        0x4 ./RF/mac/src/LoRaMacClassB.o
                0x0800d2bc                LoRaMacClassBIsUplinkCollision
 .text.LoRaMacClassBStopRxSlots
                0x0800d2c0        0x4 ./RF/mac/src/LoRaMacClassB.o
                0x0800d2c0                LoRaMacClassBStopRxSlots
 .text.LoRaMacCommandsInit
                0x0800d2c4       0x28 ./RF/mac/src/LoRaMacCommands.o
                0x0800d2c4                LoRaMacCommandsInit
 .text.LoRaMacCommandsRestoreNvmCtx
                0x0800d2ec       0x1c ./RF/mac/src/LoRaMacCommands.o
                0x0800d2ec                LoRaMacCommandsRestoreNvmCtx
 .text.LoRaMacCommandsGetNvmCtx
                0x0800d308        0xc ./RF/mac/src/LoRaMacCommands.o
                0x0800d308                LoRaMacCommandsGetNvmCtx
 .text.LoRaMacCommandsAddCmd
                0x0800d314       0xac ./RF/mac/src/LoRaMacCommands.o
                0x0800d314                LoRaMacCommandsAddCmd
 .text.LoRaMacCommandsRemoveCmd
                0x0800d3c0       0x80 ./RF/mac/src/LoRaMacCommands.o
                0x0800d3c0                LoRaMacCommandsRemoveCmd
 .text.LoRaMacCommandsRemoveNoneStickyCmds
                0x0800d440       0x38 ./RF/mac/src/LoRaMacCommands.o
                0x0800d440                LoRaMacCommandsRemoveNoneStickyCmds
 .text.LoRaMacCommandsRemoveStickyAnsCmds
                0x0800d478       0x40 ./RF/mac/src/LoRaMacCommands.o
                0x0800d478                LoRaMacCommandsRemoveStickyAnsCmds
 .text.LoRaMacCommandsGetSizeSerializedCmds
                0x0800d4b8       0x18 ./RF/mac/src/LoRaMacCommands.o
                0x0800d4b8                LoRaMacCommandsGetSizeSerializedCmds
 .text.LoRaMacCommandsSerializeCmds
                0x0800d4d0       0x90 ./RF/mac/src/LoRaMacCommands.o
                0x0800d4d0                LoRaMacCommandsSerializeCmds
 .text.LoRaMacCommandsStickyCmdsPending
                0x0800d560       0x34 ./RF/mac/src/LoRaMacCommands.o
                0x0800d560                LoRaMacCommandsStickyCmdsPending
 .text.LoRaMacConfirmQueueInit
                0x0800d594       0x30 ./RF/mac/src/LoRaMacConfirmQueue.o
                0x0800d594                LoRaMacConfirmQueueInit
 .text.LoRaMacConfirmQueueRestoreNvmCtx
                0x0800d5c4       0x1c ./RF/mac/src/LoRaMacConfirmQueue.o
                0x0800d5c4                LoRaMacConfirmQueueRestoreNvmCtx
 .text.LoRaMacConfirmQueueGetNvmCtx
                0x0800d5e0        0xc ./RF/mac/src/LoRaMacConfirmQueue.o
                0x0800d5e0                LoRaMacConfirmQueueGetNvmCtx
 .text.LoRaMacConfirmQueueAdd
                0x0800d5ec       0x40 ./RF/mac/src/LoRaMacConfirmQueue.o
                0x0800d5ec                LoRaMacConfirmQueueAdd
 .text.LoRaMacConfirmQueueSetStatus
                0x0800d62c       0x44 ./RF/mac/src/LoRaMacConfirmQueue.o
                0x0800d62c                LoRaMacConfirmQueueSetStatus
 .text.LoRaMacConfirmQueueGetStatus
                0x0800d670       0x48 ./RF/mac/src/LoRaMacConfirmQueue.o
                0x0800d670                LoRaMacConfirmQueueGetStatus
 .text.LoRaMacConfirmQueueSetStatusCmn
                0x0800d6b8       0x3c ./RF/mac/src/LoRaMacConfirmQueue.o
                0x0800d6b8                LoRaMacConfirmQueueSetStatusCmn
 .text.LoRaMacConfirmQueueIsCmdActive
                0x0800d6f4       0x3c ./RF/mac/src/LoRaMacConfirmQueue.o
                0x0800d6f4                LoRaMacConfirmQueueIsCmdActive
 .text.LoRaMacConfirmQueueHandleCb
                0x0800d730       0x8c ./RF/mac/src/LoRaMacConfirmQueue.o
                0x0800d730                LoRaMacConfirmQueueHandleCb
 .text.LoRaMacConfirmQueueGetCnt
                0x0800d7bc        0xc ./RF/mac/src/LoRaMacConfirmQueue.o
                0x0800d7bc                LoRaMacConfirmQueueGetCnt
 .text.LoRaMacConfirmQueueIsFull
                0x0800d7c8       0x14 ./RF/mac/src/LoRaMacConfirmQueue.o
                0x0800d7c8                LoRaMacConfirmQueueIsFull
 .text.GetLastFcntDown
                0x0800d7dc       0x88 ./RF/mac/src/LoRaMacCrypto.o
 .text.DummyCB  0x0800d864        0x4 ./RF/mac/src/LoRaMacCrypto.o
 .text.PayloadEncrypt
                0x0800d868       0xd8 ./RF/mac/src/LoRaMacCrypto.o
 .text.unlikely.DeriveSessionKey10x.part.1
                0x0800d940       0x7c ./RF/mac/src/LoRaMacCrypto.o
 .text.LoRaMacCryptoDeriveMcRootKey.part.2
                0x0800d9bc       0x44 ./RF/mac/src/LoRaMacCrypto.o
 .text.LoRaMacCryptoDeriveMcKEKey.part.3
                0x0800da00       0x34 ./RF/mac/src/LoRaMacCrypto.o
 .text.VerifyCmacB0.constprop.4
                0x0800da34       0xb8 ./RF/mac/src/LoRaMacCrypto.o
 .text.LoRaMacCryptoInit
                0x0800daec       0x58 ./RF/mac/src/LoRaMacCrypto.o
                0x0800daec                LoRaMacCryptoInit
 .text.LoRaMacCryptoSetLrWanVersion
                0x0800db44       0x10 ./RF/mac/src/LoRaMacCrypto.o
                0x0800db44                LoRaMacCryptoSetLrWanVersion
 .text.LoRaMacCryptoRestoreNvmCtx
                0x0800db54       0x1c ./RF/mac/src/LoRaMacCrypto.o
                0x0800db54                LoRaMacCryptoRestoreNvmCtx
 .text.LoRaMacCryptoGetNvmCtx
                0x0800db70        0xc ./RF/mac/src/LoRaMacCrypto.o
                0x0800db70                LoRaMacCryptoGetNvmCtx
 .text.LoRaMacCryptoGetFCntUp
                0x0800db7c       0x1c ./RF/mac/src/LoRaMacCrypto.o
                0x0800db7c                LoRaMacCryptoGetFCntUp
 .text.LoRaMacCryptoGetFCntDown
                0x0800db98       0x80 ./RF/mac/src/LoRaMacCrypto.o
                0x0800db98                LoRaMacCryptoGetFCntDown
 .text.LoRaMacCryptoSetMulticastReference
                0x0800dc18       0x28 ./RF/mac/src/LoRaMacCrypto.o
                0x0800dc18                LoRaMacCryptoSetMulticastReference
 .text.LoRaMacCryptoPrepareJoinRequest
                0x0800dc40       0x64 ./RF/mac/src/LoRaMacCrypto.o
                0x0800dc40                LoRaMacCryptoPrepareJoinRequest
 .text.LoRaMacCryptoHandleJoinAccept
                0x0800dca4      0x1d8 ./RF/mac/src/LoRaMacCrypto.o
                0x0800dca4                LoRaMacCryptoHandleJoinAccept
 .text.LoRaMacCryptoSecureMessage
                0x0800de7c       0xc8 ./RF/mac/src/LoRaMacCrypto.o
                0x0800de7c                LoRaMacCryptoSecureMessage
 .text.LoRaMacCryptoUnsecureMessage
                0x0800df44      0x144 ./RF/mac/src/LoRaMacCrypto.o
                0x0800df44                LoRaMacCryptoUnsecureMessage
 .text.LoRaMacCryptoDeriveMcRootKey
                0x0800e088       0x38 ./RF/mac/src/LoRaMacCrypto.o
                0x0800e088                LoRaMacCryptoDeriveMcRootKey
 .text.LoRaMacCryptoSetKey
                0x0800e0c0       0x30 ./RF/mac/src/LoRaMacCrypto.o
                0x0800e0c0                LoRaMacCryptoSetKey
 .text.LoRaMacParserJoinAccept
                0x0800e0f0       0xa4 ./RF/mac/src/LoRaMacParser.o
                0x0800e0f0                LoRaMacParserJoinAccept
 .text.LoRaMacParserData
                0x0800e194       0xbc ./RF/mac/src/LoRaMacParser.o
                0x0800e194                LoRaMacParserData
 .text.LoRaMacSerializerJoinRequest
                0x0800e250       0x68 ./RF/mac/src/LoRaMacSerializer.o
                0x0800e250                LoRaMacSerializerJoinRequest
 .text.LoRaMacSerializerData
                0x0800e2b8       0xf0 ./RF/mac/src/LoRaMacSerializer.o
                0x0800e2b8                LoRaMacSerializerData
 .text.RegionIsActive
                0x0800e3a8        0x8 ./RF/mac/src/Region.o
                0x0800e3a8                RegionIsActive
 .text.RegionGetPhyParam
                0x0800e3b0       0x1c ./RF/mac/src/Region.o
                0x0800e3b0                RegionGetPhyParam
 .text.RegionSetBandTxDone
                0x0800e3cc       0x10 ./RF/mac/src/Region.o
                0x0800e3cc                RegionSetBandTxDone
 .text.RegionInitDefaults
                0x0800e3dc       0x10 ./RF/mac/src/Region.o
                0x0800e3dc                RegionInitDefaults
 .text.RegionGetNvmCtx
                0x0800e3ec       0x14 ./RF/mac/src/Region.o
                0x0800e3ec                RegionGetNvmCtx
 .text.RegionVerify
                0x0800e400       0x18 ./RF/mac/src/Region.o
                0x0800e400                RegionVerify
 .text.RegionApplyCFList
                0x0800e418       0x10 ./RF/mac/src/Region.o
                0x0800e418                RegionApplyCFList
 .text.RegionChanMaskSet
                0x0800e428       0x14 ./RF/mac/src/Region.o
                0x0800e428                RegionChanMaskSet
 .text.RegionComputeRxWindowParameters
                0x0800e43c       0x18 ./RF/mac/src/Region.o
                0x0800e43c                RegionComputeRxWindowParameters
 .text.RegionRxConfig
                0x0800e454       0x18 ./RF/mac/src/Region.o
                0x0800e454                RegionRxConfig
 .text.RegionTxConfig
                0x0800e46c       0x18 ./RF/mac/src/Region.o
                0x0800e46c                RegionTxConfig
 .text.RegionLinkAdrReq
                0x0800e484       0x24 ./RF/mac/src/Region.o
                0x0800e484                RegionLinkAdrReq
 .text.RegionRxParamSetupReq
                0x0800e4a8       0x14 ./RF/mac/src/Region.o
                0x0800e4a8                RegionRxParamSetupReq
 .text.RegionNewChannelReq
                0x0800e4bc       0x14 ./RF/mac/src/Region.o
                0x0800e4bc                RegionNewChannelReq
 .text.RegionTxParamSetupReq
                0x0800e4d0       0x14 ./RF/mac/src/Region.o
                0x0800e4d0                RegionTxParamSetupReq
 .text.RegionDlChannelReq
                0x0800e4e4       0x14 ./RF/mac/src/Region.o
                0x0800e4e4                RegionDlChannelReq
 .text.RegionAlternateDr
                0x0800e4f8       0x18 ./RF/mac/src/Region.o
                0x0800e4f8                RegionAlternateDr
 .text.RegionCalcBackOff
                0x0800e510       0x10 ./RF/mac/src/Region.o
                0x0800e510                RegionCalcBackOff
 .text.RegionNextChannel
                0x0800e520       0x1c ./RF/mac/src/Region.o
                0x0800e520                RegionNextChannel
 .text.RegionSetContinuousWave
                0x0800e53c       0x10 ./RF/mac/src/Region.o
                0x0800e53c                RegionSetContinuousWave
 .text.RegionApplyDrOffset
                0x0800e54c       0x18 ./RF/mac/src/Region.o
                0x0800e54c                RegionApplyDrOffset
 .text.VerifyRfFreq
                0x0800e564       0x44 ./RF/mac/src/RegionCN470.o
 .text.RegionCN470GetPhyParam
                0x0800e5a8      0x120 ./RF/mac/src/RegionCN470.o
                0x0800e5a8                RegionCN470GetPhyParam
 .text.RegionCN470SetBandTxDone
                0x0800e6c8       0x24 ./RF/mac/src/RegionCN470.o
                0x0800e6c8                RegionCN470SetBandTxDone
 .text.RegionCN470InitDefaults
                0x0800e6ec       0xc4 ./RF/mac/src/RegionCN470.o
                0x0800e6ec                RegionCN470InitDefaults
 .text.RegionCN470GetNvmCtx
                0x0800e7b0       0x10 ./RF/mac/src/RegionCN470.o
                0x0800e7b0                RegionCN470GetNvmCtx
 .text.RegionCN470Verify
                0x0800e7c0       0x48 ./RF/mac/src/RegionCN470.o
                0x0800e7c0                RegionCN470Verify
 .text.RegionCN470ApplyCFList
                0x0800e808        0x4 ./RF/mac/src/RegionCN470.o
                0x0800e808                RegionCN470ApplyCFList
 .text.RegionCN470ChanMaskSet
                0x0800e80c       0x44 ./RF/mac/src/RegionCN470.o
                0x0800e80c                RegionCN470ChanMaskSet
 .text.RegionCN470ComputeRxWindowParameters
                0x0800e850       0x84 ./RF/mac/src/RegionCN470.o
                0x0800e850                RegionCN470ComputeRxWindowParameters
 .text.RegionCN470RxConfig
                0x0800e8d4       0xc4 ./RF/mac/src/RegionCN470.o
                0x0800e8d4                RegionCN470RxConfig
 .text.RegionCN470TxConfig
                0x0800e998       0xd8 ./RF/mac/src/RegionCN470.o
                0x0800e998                RegionCN470TxConfig
 .text.RegionCN470LinkAdrReq
                0x0800ea70      0x150 ./RF/mac/src/RegionCN470.o
                0x0800ea70                RegionCN470LinkAdrReq
 .text.RegionCN470RxParamSetupReq
                0x0800ebc0       0x40 ./RF/mac/src/RegionCN470.o
                0x0800ebc0                RegionCN470RxParamSetupReq
 .text.RegionCN470NewChannelReq
                0x0800ec00        0x4 ./RF/mac/src/RegionCN470.o
                0x0800ec00                RegionCN470NewChannelReq
 .text.RegionCN470TxParamSetupReq
                0x0800ec04        0x8 ./RF/mac/src/RegionCN470.o
                0x0800ec04                RegionCN470TxParamSetupReq
 .text.RegionCN470DlChannelReq
                0x0800ec0c        0x4 ./RF/mac/src/RegionCN470.o
                0x0800ec0c                RegionCN470DlChannelReq
 .text.RegionCN470AlternateDr
                0x0800ec10        0x4 ./RF/mac/src/RegionCN470.o
                0x0800ec10                RegionCN470AlternateDr
 .text.RegionCN470CalcBackOff
                0x0800ec14       0x40 ./RF/mac/src/RegionCN470.o
                0x0800ec14                RegionCN470CalcBackOff
 .text.RegionCN470NextChannel
                0x0800ec54      0x174 ./RF/mac/src/RegionCN470.o
                0x0800ec54                RegionCN470NextChannel
 .text.RegionCN470SetContinuousWave
                0x0800edc8       0x54 ./RF/mac/src/RegionCN470.o
                0x0800edc8                RegionCN470SetContinuousWave
 .text.RegionCN470ApplyDrOffset
                0x0800ee1c       0x14 ./RF/mac/src/RegionCN470.o
                0x0800ee1c                RegionCN470ApplyDrOffset
 .text.RegionCommonChanVerifyDr.part.0
                0x0800ee30       0x78 ./RF/mac/src/RegionCommon.o
 .text.RegionCommonValueInRange
                0x0800eea8       0x14 ./RF/mac/src/RegionCommon.o
                0x0800eea8                RegionCommonValueInRange
 .text.RegionCommonCountChannels
                0x0800eebc       0x54 ./RF/mac/src/RegionCommon.o
                0x0800eebc                RegionCommonCountChannels
 .text.RegionCommonChanMaskCopy
                0x0800ef10       0x24 ./RF/mac/src/RegionCommon.o
                0x0800ef10                RegionCommonChanMaskCopy
 .text.RegionCommonSetBandTxDone
                0x0800ef34        0xc ./RF/mac/src/RegionCommon.o
                0x0800ef34                RegionCommonSetBandTxDone
 .text.RegionCommonUpdateBandTimeOff
                0x0800ef40       0xb0 ./RF/mac/src/RegionCommon.o
                0x0800ef40                RegionCommonUpdateBandTimeOff
 .text.RegionCommonParseLinkAdrReq
                0x0800eff0       0x38 ./RF/mac/src/RegionCommon.o
                0x0800eff0                RegionCommonParseLinkAdrReq
 .text.RegionCommonLinkAdrReqVerifyParams
                0x0800f028       0xb0 ./RF/mac/src/RegionCommon.o
                0x0800f028                RegionCommonLinkAdrReqVerifyParams
 .text.RegionCommonComputeSymbolTimeLoRa
                0x0800f0d8       0x34 ./RF/mac/src/RegionCommon.o
                0x0800f0d8                RegionCommonComputeSymbolTimeLoRa
 .text.RegionCommonComputeRxWindowParameters
                0x0800f10c       0xbc ./RF/mac/src/RegionCommon.o
                0x0800f10c                RegionCommonComputeRxWindowParameters
 .text.RegionCommonComputeTxPower
                0x0800f1c8       0x2c ./RF/mac/src/RegionCommon.o
                0x0800f1c8                RegionCommonComputeTxPower
 .text.RegionCommonCalcBackOff
                0x0800f1f4       0x94 ./RF/mac/src/RegionCommon.o
                0x0800f1f4                RegionCommonCalcBackOff
 .text.NvmCtxMgmtEvent
                0x0800f288        0x4 ./RF/boards/src/NvmCtxMgmt.o
                0x0800f288                NvmCtxMgmtEvent
 .text.BoardInitMcu
                0x0800f28c        0xc ./RF/boards/src/RF_board.o
                0x0800f28c                BoardInitMcu
 .text.RtcGetCalendarValue
                0x0800f298       0xb8 ./RF/boards/src/rtc-board.o
 .text.TimerGetCurrentTime
                0x0800f350       0x24 ./RF/boards/src/rtc-board.o
                0x0800f350                TimerGetCurrentTime
 .text.RtcBkupWrite
                0x0800f374       0x20 ./RF/boards/src/rtc-board.o
                0x0800f374                RtcBkupWrite
 .text.RtcBkupRead
                0x0800f394       0x24 ./RF/boards/src/rtc-board.o
                0x0800f394                RtcBkupRead
 .text.TimerGetElapsedTime
                0x0800f3b8       0x3c ./RF/boards/src/rtc-board.o
                0x0800f3b8                TimerGetElapsedTime
 .text.RtcGetCalendarTime
                0x0800f3f4       0x28 ./RF/boards/src/rtc-board.o
                0x0800f3f4                RtcGetCalendarTime
 .text.SysTimeAdd
                0x0800f41c       0x3c ./RF/boards/src/systime.o
                0x0800f41c                SysTimeAdd
 .text.SysTimeSub
                0x0800f458       0x34 ./RF/boards/src/systime.o
                0x0800f458                SysTimeSub
 .text.SysTimeSet
                0x0800f48c       0x40 ./RF/boards/src/systime.o
                0x0800f48c                SysTimeSet
 .text.SysTimeGet
                0x0800f4cc       0x58 ./RF/boards/src/systime.o
                0x0800f4cc                SysTimeGet
 .text.SysTimeGetMcuTime
                0x0800f524       0x24 ./RF/boards/src/systime.o
                0x0800f524                SysTimeGetMcuTime
 .text.srand1   0x0800f548        0xc ./RF/boards/src/utilities.o
                0x0800f548                srand1
 .text.randr    0x0800f554       0x3c ./RF/boards/src/utilities.o
                0x0800f554                randr
 .text.memcpy1  0x0800f590       0x1c ./RF/boards/src/utilities.o
                0x0800f590                memcpy1
 .text.memcpyr  0x0800f5ac       0x1c ./RF/boards/src/utilities.o
                0x0800f5ac                memcpyr
 .text.memset1  0x0800f5c8       0x18 ./RF/boards/src/utilities.o
                0x0800f5c8                memset1
 .text.OnMacProcessNotify
                0x0800f5e0        0x4 ./RF/application/src/LoRaRun.o
 .text.McpsConfirm
                0x0800f5e4       0x14 ./RF/application/src/LoRaRun.o
 .text.JoinNetwork
                0x0800f5f8       0x30 ./RF/application/src/LoRaRun.o
 .text.OnTxNextPacketTimerEvent
                0x0800f628       0x44 ./RF/application/src/LoRaRun.o
 .text.MlmeIndication
                0x0800f66c       0x10 ./RF/application/src/LoRaRun.o
 .text.MlmeConfirm
                0x0800f67c       0x60 ./RF/application/src/LoRaRun.o
 .text.DataSend
                0x0800f6dc       0x80 ./RF/application/src/LoRaRun.o
                0x0800f6dc                DataSend
 .text.McpsIndication
                0x0800f75c       0x4c ./RF/application/src/LoRaRun.o
 .text.LoRaRun  0x0800f7a8      0x298 ./RF/application/src/LoRaRun.o
                0x0800f7a8                LoRaRun
 .text.LoRaTaskInit
                0x0800fa40       0x30 ./RF/application/src/LoRaRun.o
                0x0800fa40                LoRaTaskInit
 .text.localtime
                0x0800fa70       0x14 d:/rt-threadstudio/platform/env_released/env/tools/gnu_gcc/arm_gcc/mingw/bin/../lib/gcc/arm-none-eabi/5.4.1/../../../../arm-none-eabi/lib/armv6-m\libc.a(lib_a-lcltime.o)
                0x0800fa70                localtime
 .text.localtime_r
                0x0800fa84      0x210 d:/rt-threadstudio/platform/env_released/env/tools/gnu_gcc/arm_gcc/mingw/bin/../lib/gcc/arm-none-eabi/5.4.1/../../../../arm-none-eabi/lib/armv6-m\libc.a(lib_a-lcltime_r.o)
                0x0800fa84                localtime_r
 .text.memcpy   0x0800fc94       0x7c d:/rt-threadstudio/platform/env_released/env/tools/gnu_gcc/arm_gcc/mingw/bin/../lib/gcc/arm-none-eabi/5.4.1/../../../../arm-none-eabi/lib/armv6-m\libc.a(lib_a-memcpy-stub.o)
                0x0800fc94                memcpy
 .text.memset   0x0800fd10       0x8c d:/rt-threadstudio/platform/env_released/env/tools/gnu_gcc/arm_gcc/mingw/bin/../lib/gcc/arm-none-eabi/5.4.1/../../../../arm-none-eabi/lib/armv6-m\libc.a(lib_a-memset.o)
                0x0800fd10                memset
 .text.validate_structure
                0x0800fd9c      0x20c d:/rt-threadstudio/platform/env_released/env/tools/gnu_gcc/arm_gcc/mingw/bin/../lib/gcc/arm-none-eabi/5.4.1/../../../../arm-none-eabi/lib/armv6-m\libc.a(lib_a-mktime.o)
 .text.mktime   0x0800ffa8      0x37c d:/rt-threadstudio/platform/env_released/env/tools/gnu_gcc/arm_gcc/mingw/bin/../lib/gcc/arm-none-eabi/5.4.1/../../../../arm-none-eabi/lib/armv6-m\libc.a(lib_a-mktime.o)
                0x0800ffa8                mktime
 .text.__seofread
                0x08010324        0x4 d:/rt-threadstudio/platform/env_released/env/tools/gnu_gcc/arm_gcc/mingw/bin/../lib/gcc/arm-none-eabi/5.4.1/../../../../arm-none-eabi/lib/armv6-m\libc.a(lib_a-stdio.o)
                0x08010324                __seofread
 .text.__tzcalc_limits
                0x08010328      0x194 d:/rt-threadstudio/platform/env_released/env/tools/gnu_gcc/arm_gcc/mingw/bin/../lib/gcc/arm-none-eabi/5.4.1/../../../../arm-none-eabi/lib/armv6-m\libc.a(lib_a-tzcalc_limits.o)
                0x08010328                __tzcalc_limits
 .text.__tz_lock
                0x080104bc        0x4 d:/rt-threadstudio/platform/env_released/env/tools/gnu_gcc/arm_gcc/mingw/bin/../lib/gcc/arm-none-eabi/5.4.1/../../../../arm-none-eabi/lib/armv6-m\libc.a(lib_a-tzlock.o)
                0x080104bc                __tz_lock
 .text.__tz_unlock
                0x080104c0        0x4 d:/rt-threadstudio/platform/env_released/env/tools/gnu_gcc/arm_gcc/mingw/bin/../lib/gcc/arm-none-eabi/5.4.1/../../../../arm-none-eabi/lib/armv6-m\libc.a(lib_a-tzlock.o)
                0x080104c0                __tz_unlock
 .text._tzset_unlocked
                0x080104c4       0x10 d:/rt-threadstudio/platform/env_released/env/tools/gnu_gcc/arm_gcc/mingw/bin/../lib/gcc/arm-none-eabi/5.4.1/../../../../arm-none-eabi/lib/armv6-m\libc.a(lib_a-tzset.o)
                0x080104c4                _tzset_unlocked
 .text._tzset_unlocked_r
                0x080104d4      0x358 d:/rt-threadstudio/platform/env_released/env/tools/gnu_gcc/arm_gcc/mingw/bin/../lib/gcc/arm-none-eabi/5.4.1/../../../../arm-none-eabi/lib/armv6-m\libc.a(lib_a-tzset_r.o)